Archive member included to satisfy reference by file (symbol)

/opt/homebrew/Cellar/arm-none-eabi-gcc/10.3-2021.07/gcc/bin/../lib/gcc/arm-none-eabi/10.3.1/../../../../arm-none-eabi/lib/thumb/v7e-m+fp/hard/libc_nano.a(lib_a-exit.o)
                              /opt/homebrew/Cellar/arm-none-eabi-gcc/10.3-2021.07/gcc/bin/../lib/gcc/arm-none-eabi/10.3.1/../../../../arm-none-eabi/lib/thumb/v7e-m+fp/hard/crt0.o (exit)
/opt/homebrew/Cellar/arm-none-eabi-gcc/10.3-2021.07/gcc/bin/../lib/gcc/arm-none-eabi/10.3.1/../../../../arm-none-eabi/lib/thumb/v7e-m+fp/hard/libc_nano.a(lib_a-impure.o)
                              /opt/homebrew/Cellar/arm-none-eabi-gcc/10.3-2021.07/gcc/bin/../lib/gcc/arm-none-eabi/10.3.1/../../../../arm-none-eabi/lib/thumb/v7e-m+fp/hard/libc_nano.a(lib_a-exit.o) (_global_impure_ptr)
/opt/homebrew/Cellar/arm-none-eabi-gcc/10.3-2021.07/gcc/bin/../lib/gcc/arm-none-eabi/10.3.1/../../../../arm-none-eabi/lib/thumb/v7e-m+fp/hard/libc_nano.a(lib_a-init.o)
                              /opt/homebrew/Cellar/arm-none-eabi-gcc/10.3-2021.07/gcc/bin/../lib/gcc/arm-none-eabi/10.3.1/../../../../arm-none-eabi/lib/thumb/v7e-m+fp/hard/crt0.o (__libc_init_array)
/opt/homebrew/Cellar/arm-none-eabi-gcc/10.3-2021.07/gcc/bin/../lib/gcc/arm-none-eabi/10.3.1/../../../../arm-none-eabi/lib/thumb/v7e-m+fp/hard/libc_nano.a(lib_a-memset.o)
                              /opt/homebrew/Cellar/arm-none-eabi-gcc/10.3-2021.07/gcc/bin/../lib/gcc/arm-none-eabi/10.3.1/../../../../arm-none-eabi/lib/thumb/v7e-m+fp/hard/crt0.o (memset)
/opt/homebrew/Cellar/arm-none-eabi-gcc/10.3-2021.07/gcc/bin/../lib/gcc/arm-none-eabi/10.3.1/../../../../arm-none-eabi/lib/thumb/v7e-m+fp/hard/libc_nano.a(lib_a-sprintf.o)
                              build/main.o (sprintf)
/opt/homebrew/Cellar/arm-none-eabi-gcc/10.3-2021.07/gcc/bin/../lib/gcc/arm-none-eabi/10.3.1/../../../../arm-none-eabi/lib/thumb/v7e-m+fp/hard/libc_nano.a(lib_a-strlen.o)
                              build/main.o (strlen)
/opt/homebrew/Cellar/arm-none-eabi-gcc/10.3-2021.07/gcc/bin/../lib/gcc/arm-none-eabi/10.3.1/../../../../arm-none-eabi/lib/thumb/v7e-m+fp/hard/libc_nano.a(lib_a-nano-svfprintf.o)
                              /opt/homebrew/Cellar/arm-none-eabi-gcc/10.3-2021.07/gcc/bin/../lib/gcc/arm-none-eabi/10.3.1/../../../../arm-none-eabi/lib/thumb/v7e-m+fp/hard/libc_nano.a(lib_a-sprintf.o) (_svfprintf_r)
/opt/homebrew/Cellar/arm-none-eabi-gcc/10.3-2021.07/gcc/bin/../lib/gcc/arm-none-eabi/10.3.1/../../../../arm-none-eabi/lib/thumb/v7e-m+fp/hard/libc_nano.a(lib_a-nano-vfprintf_i.o)
                              /opt/homebrew/Cellar/arm-none-eabi-gcc/10.3-2021.07/gcc/bin/../lib/gcc/arm-none-eabi/10.3.1/../../../../arm-none-eabi/lib/thumb/v7e-m+fp/hard/libc_nano.a(lib_a-nano-svfprintf.o) (_printf_i)
/opt/homebrew/Cellar/arm-none-eabi-gcc/10.3-2021.07/gcc/bin/../lib/gcc/arm-none-eabi/10.3.1/../../../../arm-none-eabi/lib/thumb/v7e-m+fp/hard/libc_nano.a(lib_a-memchr.o)
                              /opt/homebrew/Cellar/arm-none-eabi-gcc/10.3-2021.07/gcc/bin/../lib/gcc/arm-none-eabi/10.3.1/../../../../arm-none-eabi/lib/thumb/v7e-m+fp/hard/libc_nano.a(lib_a-nano-svfprintf.o) (memchr)
/opt/homebrew/Cellar/arm-none-eabi-gcc/10.3-2021.07/gcc/bin/../lib/gcc/arm-none-eabi/10.3.1/../../../../arm-none-eabi/lib/thumb/v7e-m+fp/hard/libc_nano.a(lib_a-memcpy-stub.o)
                              /opt/homebrew/Cellar/arm-none-eabi-gcc/10.3-2021.07/gcc/bin/../lib/gcc/arm-none-eabi/10.3.1/../../../../arm-none-eabi/lib/thumb/v7e-m+fp/hard/libc_nano.a(lib_a-nano-svfprintf.o) (memcpy)
/opt/homebrew/Cellar/arm-none-eabi-gcc/10.3-2021.07/gcc/bin/../lib/gcc/arm-none-eabi/10.3.1/../../../../arm-none-eabi/lib/thumb/v7e-m+fp/hard/libc_nano.a(lib_a-memmove.o)
                              /opt/homebrew/Cellar/arm-none-eabi-gcc/10.3-2021.07/gcc/bin/../lib/gcc/arm-none-eabi/10.3.1/../../../../arm-none-eabi/lib/thumb/v7e-m+fp/hard/libc_nano.a(lib_a-nano-svfprintf.o) (memmove)
/opt/homebrew/Cellar/arm-none-eabi-gcc/10.3-2021.07/gcc/bin/../lib/gcc/arm-none-eabi/10.3.1/../../../../arm-none-eabi/lib/thumb/v7e-m+fp/hard/libc_nano.a(lib_a-nano-freer.o)
                              /opt/homebrew/Cellar/arm-none-eabi-gcc/10.3-2021.07/gcc/bin/../lib/gcc/arm-none-eabi/10.3.1/../../../../arm-none-eabi/lib/thumb/v7e-m+fp/hard/libc_nano.a(lib_a-nano-svfprintf.o) (_free_r)
/opt/homebrew/Cellar/arm-none-eabi-gcc/10.3-2021.07/gcc/bin/../lib/gcc/arm-none-eabi/10.3.1/../../../../arm-none-eabi/lib/thumb/v7e-m+fp/hard/libc_nano.a(lib_a-nano-mallocr.o)
                              /opt/homebrew/Cellar/arm-none-eabi-gcc/10.3-2021.07/gcc/bin/../lib/gcc/arm-none-eabi/10.3.1/../../../../arm-none-eabi/lib/thumb/v7e-m+fp/hard/libc_nano.a(lib_a-nano-svfprintf.o) (_malloc_r)
/opt/homebrew/Cellar/arm-none-eabi-gcc/10.3-2021.07/gcc/bin/../lib/gcc/arm-none-eabi/10.3.1/../../../../arm-none-eabi/lib/thumb/v7e-m+fp/hard/libc_nano.a(lib_a-nano-reallocr.o)
[...]
Memory Configuration

Name             Origin             Length             Attributes
RAM              0x0000000020000000 0x0000000000010000 xrw
FLASH            0x0000000008000000 0x0000000000040000 xr
*default*        0x0000000000000000 0xffffffffffffffff

Linker script and memory map

LOAD /opt/homebrew/Cellar/arm-none-eabi-gcc/10.3-2021.07/gcc/bin/../lib/gcc/arm-none-eabi/10.3.1/thumb/v7e-m+fp/hard/crti.o
LOAD /opt/homebrew/Cellar/arm-none-eabi-gcc/10.3-2021.07/gcc/bin/../lib/gcc/arm-none-eabi/10.3.1/thumb/v7e-m+fp/hard/crtbegin.o
LOAD /opt/homebrew/Cellar/arm-none-eabi-gcc/10.3-2021.07/gcc/bin/../lib/gcc/arm-none-eabi/10.3.1/../../../../arm-none-eabi/lib/thumb/v7e-m+fp/hard/crt0.o
LOAD build/main.o
LOAD build/gpio.o
LOAD build/stm32f4xx_it.o
LOAD build/stm32f4xx_hal_msp.o
LOAD build/stm32f4xx_hal_tim.o
LOAD build/stm32f4xx_hal_tim_ex.o
LOAD build/stm32f4xx_hal_rcc.o
LOAD build/stm32f4xx_hal_rcc_ex.o
LOAD build/stm32f4xx_hal_flash.o
LOAD build/stm32f4xx_hal_flash_ex.o
LOAD build/stm32f4xx_hal_flash_ramfunc.o
LOAD build/stm32f4xx_hal_gpio.o
LOAD build/stm32f4xx_hal_dma_ex.o
LOAD build/stm32f4xx_hal_dma.o
LOAD build/stm32f4xx_hal_pwr.o
LOAD build/stm32f4xx_hal_pwr_ex.o
LOAD build/stm32f4xx_hal_cortex.o
LOAD build/stm32f4xx_hal.o
LOAD build/stm32f4xx_hal_exti.o
LOAD build/system_stm32f4xx.o
LOAD build/usb_device.o
LOAD build/usbd_desc.o
LOAD build/usbd_cdc_if.o
LOAD build/usbd_conf.o
LOAD build/stm32f4xx_hal_pcd.o
LOAD build/stm32f4xx_hal_pcd_ex.o
LOAD build/stm32f4xx_ll_usb.o
LOAD build/usbd_core.o
LOAD build/usbd_ctlreq.o
LOAD build/usbd_ioreq.o
LOAD build/usbd_cdc.o
LOAD build/startup_stm32f401xc.o
LOAD /opt/homebrew/Cellar/arm-none-eabi-gcc/10.3-2021.07/gcc/bin/../lib/gcc/arm-none-eabi/10.3.1/../../../../arm-none-eabi/lib/thumb/v7e-m+fp/hard/libc_nano.a
LOAD /opt/homebrew/Cellar/arm-none-eabi-gcc/10.3-2021.07/gcc/bin/../lib/gcc/arm-none-eabi/10.3.1/../../../../arm-none-eabi/lib/thumb/v7e-m+fp/hard/libm.a
LOAD /opt/homebrew/Cellar/arm-none-eabi-gcc/10.3-2021.07/gcc/bin/../lib/gcc/arm-none-eabi/10.3.1/../../../../arm-none-eabi/lib/thumb/v7e-m+fp/hard/libnosys.a
START GROUP
LOAD /opt/homebrew/Cellar/arm-none-eabi-gcc/10.3-2021.07/gcc/bin/../lib/gcc/arm-none-eabi/10.3.1/thumb/v7e-m+fp/hard/libgcc.a
LOAD /opt/homebrew/Cellar/arm-none-eabi-gcc/10.3-2021.07/gcc/bin/../lib/gcc/arm-none-eabi/10.3.1/../../../../arm-none-eabi/lib/thumb/v7e-m+fp/hard/libc_nano.a
END GROUP
START GROUP
LOAD /opt/homebrew/Cellar/arm-none-eabi-gcc/10.3-2021.07/gcc/bin/../lib/gcc/arm-none-eabi/10.3.1/thumb/v7e-m+fp/hard/libgcc.a
LOAD /opt/homebrew/Cellar/arm-none-eabi-gcc/10.3-2021.07/gcc/bin/../lib/gcc/arm-none-eabi/10.3.1/../../../../arm-none-eabi/lib/thumb/v7e-m+fp/hard/libc_nano.a
END GROUP
LOAD /opt/homebrew/Cellar/arm-none-eabi-gcc/10.3-2021.07/gcc/bin/../lib/gcc/arm-none-eabi/10.3.1/thumb/v7e-m+fp/hard/crtend.o
LOAD /opt/homebrew/Cellar/arm-none-eabi-gcc/10.3-2021.07/gcc/bin/../lib/gcc/arm-none-eabi/10.3.1/thumb/v7e-m+fp/hard/crtn.o
                0x0000000020010000                _estack = 0x20010000
                0x0000000000000200                _Min_Heap_Size = 0x200
                0x0000000000000400                _Min_Stack_Size = 0x400

.isr_vector     0x0000000008000000      0x194
                0x0000000008000000                . = ALIGN (0x4)
 *(.isr_vector)
 .isr_vector    0x0000000008000000      0x194 build/startup_stm32f401xc.o
                0x0000000008000000                g_pfnVectors
                0x0000000008000194                . = ALIGN (0x4)

.text           0x00000000080001a0     0x4334
                0x00000000080001a0                . = ALIGN (0x4)
 *(.text)
 .text          0x00000000080001a0       0x40 /opt/homebrew/Cellar/arm-none-eabi-gcc/10.3-2021.07/gcc/bin/../lib/gcc/arm-none-eabi/10.3.1/thumb/v7e-m+fp/hard/crtbegin.o
 .text          0x00000000080001e0       0x10 /opt/homebrew/Cellar/arm-none-eabi-gcc/10.3-2021.07/gcc/bin/../lib/gcc/arm-none-eabi/10.3.1/../../../../arm-none-eabi/lib/thumb/v7e-m+fp/hard/libc_nano.a(lib_a-strlen.o)
                0x00000000080001e0                strlen
 .text          0x00000000080001f0       0xa0 /opt/homebrew/Cellar/arm-none-eabi-gcc/10.3-2021.07/gcc/bin/../lib/gcc/arm-none-eabi/10.3.1/../../../../arm-none-eabi/lib/thumb/v7e-m+fp/hard/libc_nano.a(lib_a-memchr.o)
                0x00000000080001f0                memchr
 .text          0x0000000008000290       0x30 /opt/homebrew/Cellar/arm-none-eabi-gcc/10.3-2021.07/gcc/bin/../lib/gcc/arm-none-eabi/10.3.1/thumb/v7e-m+fp/hard/libgcc.a(_aeabi_uldivmod.o)
                0x0000000008000290                __aeabi_uldivmod
 .text          0x00000000080002c0      0x2d0 /opt/homebrew/Cellar/arm-none-eabi-gcc/10.3-2021.07/gcc/bin/../lib/gcc/arm-none-eabi/10.3.1/thumb/v7e-m+fp/hard/libgcc.a(_udivmoddi4.o)
                0x00000000080002c0                __udivmoddi4
 .text          0x0000000008000590        0x4 /opt/homebrew/Cellar/arm-none-eabi-gcc/10.3-2021.07/gcc/bin/../lib/gcc/arm-none-eabi/10.3.1/thumb/v7e-m+fp/hard/libgcc.a(_dvmd_tls.o)
                0x0000000008000590                __aeabi_ldiv0
                0x0000000008000590                __aeabi_idiv0
 *(.text*)
 .text.Error_Handler
                0x0000000008000594        0x4 build/main.o
                0x0000000008000594                Error_Handler
 .text.SystemClock_Config
                0x0000000008000598       0xac build/main.o
                0x0000000008000598                SystemClock_Config
 .text.main     0x0000000008000644       0xb8 build/main.o
                0x0000000008000644                main
 .text.MX_GPIO_Init
                0x00000000080006fc       0x80 build/gpio.o
                0x00000000080006fc                MX_GPIO_Init
 .text.NMI_Handler
                0x000000000800077c        0x2 build/stm32f4xx_it.o
                0x000000000800077c                NMI_Handler
 .text.HardFault_Handler
                0x000000000800077e        0x2 build/stm32f4xx_it.o
                0x000000000800077e                HardFault_Handler
 .text.MemManage_Handler
                0x0000000008000780        0x2 build/stm32f4xx_it.o
                0x0000000008000780                MemManage_Handler
 .text.BusFault_Handler
                0x0000000008000782        0x2 build/stm32f4xx_it.o
                0x0000000008000782                BusFault_Handler
 .text.UsageFault_Handler
                0x0000000008000784        0x2 build/stm32f4xx_it.o
                0x0000000008000784                UsageFault_Handler
 .text.SVC_Handler
                0x0000000008000786        0x2 build/stm32f4xx_it.o
                0x0000000008000786                SVC_Handler
 .text.DebugMon_Handler
                0x0000000008000788        0x2 build/stm32f4xx_it.o
                0x0000000008000788                DebugMon_Handler
 .text.PendSV_Handler
                0x000000000800078a        0x2 build/stm32f4xx_it.o
                0x000000000800078a                PendSV_Handler
 .text.SysTick_Handler
                0x000000000800078c        0x8 build/stm32f4xx_it.o
                0x000000000800078c                SysTick_Handler
 .text.OTG_FS_IRQHandler
                0x0000000008000794       0x10 build/stm32f4xx_it.o
                0x0000000008000794                OTG_FS_IRQHandler
 .text.HAL_MspInit
                0x00000000080007a4       0x38 build/stm32f4xx_hal_msp.o
                0x00000000080007a4                HAL_MspInit
 .text.HAL_RCC_OscConfig
                0x00000000080007dc      0x3f8 build/stm32f4xx_hal_rcc.o
                0x00000000080007dc                HAL_RCC_OscConfig
 .text.HAL_RCC_GetSysClockFreq
                0x0000000008000bd4       0xa4 build/stm32f4xx_hal_rcc.o
                0x0000000008000bd4                HAL_RCC_GetSysClockFreq
 .text.HAL_RCC_ClockConfig
                0x0000000008000c78      0x160 build/stm32f4xx_hal_rcc.o
                0x0000000008000c78                HAL_RCC_ClockConfig
 .text.HAL_RCC_GetHCLKFreq
                0x0000000008000dd8        0xc build/stm32f4xx_hal_rcc.o
                0x0000000008000dd8                HAL_RCC_GetHCLKFreq
 .text.HAL_GPIO_Init
                0x0000000008000de4      0x1c0 build/stm32f4xx_hal_gpio.o
                0x0000000008000de4                HAL_GPIO_Init
 .text.HAL_GPIO_WritePin
                0x0000000008000fa4        0xc build/stm32f4xx_hal_gpio.o
                0x0000000008000fa4                HAL_GPIO_WritePin
 .text.HAL_GPIO_TogglePin
                0x0000000008000fb0       0x12 build/stm32f4xx_hal_gpio.o
                0x0000000008000fb0                HAL_GPIO_TogglePin
 *fill*         0x0000000008000fc2        0x2 
 .text.HAL_NVIC_SetPriorityGrouping
                0x0000000008000fc4       0x24 build/stm32f4xx_hal_cortex.o
                0x0000000008000fc4                HAL_NVIC_SetPriorityGrouping
 .text.HAL_NVIC_SetPriority
                0x0000000008000fe8       0x70 build/stm32f4xx_hal_cortex.o
                0x0000000008000fe8                HAL_NVIC_SetPriority
 .text.HAL_NVIC_EnableIRQ
                0x0000000008001058       0x1c build/stm32f4xx_hal_cortex.o
                0x0000000008001058                HAL_NVIC_EnableIRQ
 .text.HAL_SYSTICK_Config
                0x0000000008001074       0x28 build/stm32f4xx_hal_cortex.o
                0x0000000008001074                HAL_SYSTICK_Config
 .text.HAL_InitTick
                0x000000000800109c       0x4c build/stm32f4xx_hal.o
                0x000000000800109c                HAL_InitTick
 .text.HAL_Init
                0x00000000080010e8       0x34 build/stm32f4xx_hal.o
                0x00000000080010e8                HAL_Init
 .text.HAL_IncTick
                0x000000000800111c       0x18 build/stm32f4xx_hal.o
                0x000000000800111c                HAL_IncTick
 .text.HAL_GetTick
                0x0000000008001134        0xc build/stm32f4xx_hal.o
                0x0000000008001134                HAL_GetTick
 .text.HAL_Delay
                0x0000000008001140       0x28 build/stm32f4xx_hal.o
                0x0000000008001140                HAL_Delay
 .text.SystemInit
                0x0000000008001168       0x14 build/system_stm32f4xx.o
                0x0000000008001168                SystemInit
 .text.MX_USB_DEVICE_Init
                0x000000000800117c       0x54 build/usb_device.o
                0x000000000800117c                MX_USB_DEVICE_Init
 .text.USBD_FS_DeviceDescriptor
                0x00000000080011d0        0xc build/usbd_desc.o
                0x00000000080011d0                USBD_FS_DeviceDescriptor
 .text.USBD_FS_LangIDStrDescriptor
                0x00000000080011dc        0xc build/usbd_desc.o
                0x00000000080011dc                USBD_FS_LangIDStrDescriptor
 .text.IntToUnicode
                0x00000000080011e8       0x46 build/usbd_desc.o
 *fill*         0x000000000800122e        0x2 
 .text.Get_SerialNum
                0x0000000008001230       0x38 build/usbd_desc.o
 .text.USBD_FS_SerialStrDescriptor
                0x0000000008001268       0x14 build/usbd_desc.o
                0x0000000008001268                USBD_FS_SerialStrDescriptor
 .text.USBD_FS_ProductStrDescriptor
                0x000000000800127c       0x24 build/usbd_desc.o
                0x000000000800127c                USBD_FS_ProductStrDescriptor
 .text.USBD_FS_ManufacturerStrDescriptor
                0x00000000080012a0       0x1c build/usbd_desc.o
                0x00000000080012a0                USBD_FS_ManufacturerStrDescriptor
 .text.USBD_FS_ConfigStrDescriptor
                0x00000000080012bc       0x24 build/usbd_desc.o
                0x00000000080012bc                USBD_FS_ConfigStrDescriptor
 .text.USBD_FS_InterfaceStrDescriptor
                0x00000000080012e0       0x24 build/usbd_desc.o
                0x00000000080012e0                USBD_FS_InterfaceStrDescriptor
 .text.CDC_DeInit_FS
                0x0000000008001304        0x4 build/usbd_cdc_if.o
 .text.CDC_Control_FS
                0x0000000008001308        0x4 build/usbd_cdc_if.o
 .text.CDC_TransmitCplt_FS
                0x000000000800130c        0x4 build/usbd_cdc_if.o
 .text.CDC_Receive_FS
                0x0000000008001310       0x30 build/usbd_cdc_if.o
 .text.CDC_Init_FS
                0x0000000008001340       0x28 build/usbd_cdc_if.o
 .text.CDC_Transmit_FS
                0x0000000008001368       0x2c build/usbd_cdc_if.o
                0x0000000008001368                CDC_Transmit_FS
 .text.HAL_PCD_MspInit
                0x0000000008001394       0x84 build/usbd_conf.o
                0x0000000008001394                HAL_PCD_MspInit
 .text.HAL_PCD_SetupStageCallback
                0x0000000008001418       0x10 build/usbd_conf.o
                0x0000000008001418                HAL_PCD_SetupStageCallback
 .text.HAL_PCD_DataOutStageCallback
                0x0000000008001428       0x18 build/usbd_conf.o
                0x0000000008001428                HAL_PCD_DataOutStageCallback
 .text.HAL_PCD_DataInStageCallback
                0x0000000008001440       0x16 build/usbd_conf.o
                0x0000000008001440                HAL_PCD_DataInStageCallback
 .text.HAL_PCD_SOFCallback
                0x0000000008001456        0xc build/usbd_conf.o
                0x0000000008001456                HAL_PCD_SOFCallback
 .text.HAL_PCD_ResetCallback
                0x0000000008001462       0x24 build/usbd_conf.o
                0x0000000008001462                HAL_PCD_ResetCallback
 *fill*         0x0000000008001486        0x2 
 .text.HAL_PCD_SuspendCallback
                0x0000000008001488       0x30 build/usbd_conf.o
                0x0000000008001488                HAL_PCD_SuspendCallback
 .text.HAL_PCD_ResumeCallback
                0x00000000080014b8        0xc build/usbd_conf.o
                0x00000000080014b8                HAL_PCD_ResumeCallback
 .text.HAL_PCD_ISOOUTIncompleteCallback
                0x00000000080014c4        0xc build/usbd_conf.o
                0x00000000080014c4                HAL_PCD_ISOOUTIncompleteCallback
 .text.HAL_PCD_ISOINIncompleteCallback
                0x00000000080014d0        0xc build/usbd_conf.o
                0x00000000080014d0                HAL_PCD_ISOINIncompleteCallback
 .text.HAL_PCD_ConnectCallback
                0x00000000080014dc        0xc build/usbd_conf.o
                0x00000000080014dc                HAL_PCD_ConnectCallback
 .text.HAL_PCD_DisconnectCallback
                0x00000000080014e8        0xc build/usbd_conf.o
                0x00000000080014e8                HAL_PCD_DisconnectCallback
 .text.USBD_LL_Init
                0x00000000080014f4       0x68 build/usbd_conf.o
                0x00000000080014f4                USBD_LL_Init
 .text.USBD_LL_IsStallEP
                0x000000000800155c       0x2e build/usbd_conf.o
                0x000000000800155c                USBD_LL_IsStallEP
 .text.USBD_LL_GetRxDataSize
                0x000000000800158a        0xc build/usbd_conf.o
                0x000000000800158a                USBD_LL_GetRxDataSize
 *fill*         0x0000000008001596        0x2 
 .text.USBD_static_malloc
                0x0000000008001598        0x8 build/usbd_conf.o
                0x0000000008001598                USBD_static_malloc
 .text.USBD_static_free
                0x00000000080015a0        0x2 build/usbd_conf.o
                0x00000000080015a0                USBD_static_free
 .text.USBD_Get_USB_Status
                0x00000000080015a2       0x14 build/usbd_conf.o
                0x00000000080015a2                USBD_Get_USB_Status
 .text.USBD_LL_Start
                0x00000000080015b6       0x10 build/usbd_conf.o
                0x00000000080015b6                USBD_LL_Start
 .text.USBD_LL_OpenEP
                0x00000000080015c6       0x16 build/usbd_conf.o
                0x00000000080015c6                USBD_LL_OpenEP
 .text.USBD_LL_CloseEP
                0x00000000080015dc       0x10 build/usbd_conf.o
                0x00000000080015dc                USBD_LL_CloseEP
 .text.USBD_LL_StallEP
                0x00000000080015ec       0x10 build/usbd_conf.o
                0x00000000080015ec                USBD_LL_StallEP
 .text.USBD_LL_ClearStallEP
                0x00000000080015fc       0x10 build/usbd_conf.o
                0x00000000080015fc                USBD_LL_ClearStallEP
 .text.USBD_LL_SetUSBAddress
                0x000000000800160c       0x10 build/usbd_conf.o
                0x000000000800160c                USBD_LL_SetUSBAddress
 .text.USBD_LL_Transmit
                0x000000000800161c       0x10 build/usbd_conf.o
                0x000000000800161c                USBD_LL_Transmit
 .text.USBD_LL_PrepareReceive
                0x000000000800162c       0x10 build/usbd_conf.o
                0x000000000800162c                USBD_LL_PrepareReceive
 .text.PCD_WriteEmptyTxFifo
                0x000000000800163c       0xd0 build/stm32f4xx_hal_pcd.o
 .text.HAL_PCD_Init
                0x000000000800170c      0x12e build/stm32f4xx_hal_pcd.o
                0x000000000800170c                HAL_PCD_Init
 .text.HAL_PCD_Start
                0x000000000800183a       0x42 build/stm32f4xx_hal_pcd.o
                0x000000000800183a                HAL_PCD_Start
 .text.PCD_EP_OutXfrComplete_int
                0x000000000800187c       0xf4 build/stm32f4xx_hal_pcd.o
 .text.PCD_EP_OutSetupPacket_int
                0x0000000008001970       0x50 build/stm32f4xx_hal_pcd.o
 .text.HAL_PCD_IRQHandler
                0x00000000080019c0      0x476 build/stm32f4xx_hal_pcd.o
                0x00000000080019c0                HAL_PCD_IRQHandler
 .text.HAL_PCD_SetAddress
                0x0000000008001e36       0x28 build/stm32f4xx_hal_pcd.o
                0x0000000008001e36                HAL_PCD_SetAddress
 .text.HAL_PCD_EP_Open
                0x0000000008001e5e       0x8a build/stm32f4xx_hal_pcd.o
                0x0000000008001e5e                HAL_PCD_EP_Open
 .text.HAL_PCD_EP_Close
                0x0000000008001ee8       0x72 build/stm32f4xx_hal_pcd.o
                0x0000000008001ee8                HAL_PCD_EP_Close
 .text.HAL_PCD_EP_Receive
                0x0000000008001f5a       0x5e build/stm32f4xx_hal_pcd.o
                0x0000000008001f5a                HAL_PCD_EP_Receive
 .text.HAL_PCD_EP_GetRxCount
                0x0000000008001fb8       0x12 build/stm32f4xx_hal_pcd.o
                0x0000000008001fb8                HAL_PCD_EP_GetRxCount
 .text.HAL_PCD_EP_Transmit
                0x0000000008001fca       0x5e build/stm32f4xx_hal_pcd.o
                0x0000000008001fca                HAL_PCD_EP_Transmit
 .text.HAL_PCD_EP_SetStall
                0x0000000008002028       0x88 build/stm32f4xx_hal_pcd.o
                0x0000000008002028                HAL_PCD_EP_SetStall
 .text.HAL_PCD_EP_ClrStall
                0x00000000080020b0       0x76 build/stm32f4xx_hal_pcd.o
                0x00000000080020b0                HAL_PCD_EP_ClrStall
 .text.HAL_PCDEx_SetTxFiFo
                0x0000000008002126       0x4c build/stm32f4xx_hal_pcd_ex.o
                0x0000000008002126                HAL_PCDEx_SetTxFiFo
 .text.HAL_PCDEx_SetRxFiFo
                0x0000000008002172        0x8 build/stm32f4xx_hal_pcd_ex.o
                0x0000000008002172                HAL_PCDEx_SetRxFiFo
 .text.HAL_PCDEx_LPM_Callback
                0x000000000800217a        0x2 build/stm32f4xx_hal_pcd_ex.o
                0x000000000800217a                HAL_PCDEx_LPM_Callback
 .text.USB_CoreReset
                0x000000000800217c       0x4c build/stm32f4xx_ll_usb.o
 .text.USB_CoreInit
                0x00000000080021c8       0x8a build/stm32f4xx_ll_usb.o
                0x00000000080021c8                USB_CoreInit
 *fill*         0x0000000008002252        0x2 
 .text.USB_SetTurnaroundTime
                0x0000000008002254       0xe4 build/stm32f4xx_ll_usb.o
                0x0000000008002254                USB_SetTurnaroundTime
 .text.USB_EnableGlobalInt
                0x0000000008002338        0xc build/stm32f4xx_ll_usb.o
                0x0000000008002338                USB_EnableGlobalInt
 .text.USB_DisableGlobalInt
                0x0000000008002344        0xc build/stm32f4xx_ll_usb.o
                0x0000000008002344                USB_DisableGlobalInt
 .text.USB_FlushTxFifo
                0x0000000008002350       0x30 build/stm32f4xx_ll_usb.o
                0x0000000008002350                USB_FlushTxFifo
 .text.USB_FlushRxFifo
                0x0000000008002380       0x2c build/stm32f4xx_ll_usb.o
                0x0000000008002380                USB_FlushRxFifo
 .text.USB_SetDevSpeed
                0x00000000080023ac        0xe build/stm32f4xx_ll_usb.o
                0x00000000080023ac                USB_SetDevSpeed
 *fill*         0x00000000080023ba        0x2 
 .text.USB_DevInit
                0x00000000080023bc      0x190 build/stm32f4xx_ll_usb.o
                0x00000000080023bc                USB_DevInit
 .text.USB_GetDevSpeed
                0x000000000800254c       0x22 build/stm32f4xx_ll_usb.o
                0x000000000800254c                USB_GetDevSpeed
 .text.USB_ActivateEndpoint
                0x000000000800256e       0x9c build/stm32f4xx_ll_usb.o
                0x000000000800256e                USB_ActivateEndpoint
 *fill*         0x000000000800260a        0x2 
 .text.USB_DeactivateEndpoint
                0x000000000800260c       0xe0 build/stm32f4xx_ll_usb.o
                0x000000000800260c                USB_DeactivateEndpoint
 .text.USB_EP0StartXfer
                0x00000000080026ec      0x120 build/stm32f4xx_ll_usb.o
                0x00000000080026ec                USB_EP0StartXfer
 .text.USB_WritePacket
                0x000000000800280c       0x2e build/stm32f4xx_ll_usb.o
                0x000000000800280c                USB_WritePacket
 *fill*         0x000000000800283a        0x2 
 .text.USB_EPStartXfer
                0x000000000800283c      0x238 build/stm32f4xx_ll_usb.o
                0x000000000800283c                USB_EPStartXfer
 .text.USB_ReadPacket
                0x0000000008002a74       0x54 build/stm32f4xx_ll_usb.o
                0x0000000008002a74                USB_ReadPacket
 .text.USB_EPSetStall
                0x0000000008002ac8       0x5a build/stm32f4xx_ll_usb.o
                0x0000000008002ac8                USB_EPSetStall
 .text.USB_EPClearStall
                0x0000000008002b22       0x5c build/stm32f4xx_ll_usb.o
                0x0000000008002b22                USB_EPClearStall
 .text.USB_SetDevAddress
                0x0000000008002b7e       0x20 build/stm32f4xx_ll_usb.o
                0x0000000008002b7e                USB_SetDevAddress
 .text.USB_DevConnect
                0x0000000008002b9e       0x1c build/stm32f4xx_ll_usb.o
                0x0000000008002b9e                USB_DevConnect
 .text.USB_DevDisconnect
                0x0000000008002bba       0x1c build/stm32f4xx_ll_usb.o
                0x0000000008002bba                USB_DevDisconnect
 .text.USB_ReadInterrupts
                0x0000000008002bd6        0x8 build/stm32f4xx_ll_usb.o
                0x0000000008002bd6                USB_ReadInterrupts
 .text.USB_ReadDevAllOutEpInterrupt
                0x0000000008002bde       0x10 build/stm32f4xx_ll_usb.o
                0x0000000008002bde                USB_ReadDevAllOutEpInterrupt
 .text.USB_ReadDevAllInEpInterrupt
                0x0000000008002bee       0x10 build/stm32f4xx_ll_usb.o
                0x0000000008002bee                USB_ReadDevAllInEpInterrupt
 .text.USB_ReadDevOutEPInterrupt
                0x0000000008002bfe       0x12 build/stm32f4xx_ll_usb.o
                0x0000000008002bfe                USB_ReadDevOutEPInterrupt
 .text.USB_ReadDevInEPInterrupt
                0x0000000008002c10       0x28 build/stm32f4xx_ll_usb.o
                0x0000000008002c10                USB_ReadDevInEPInterrupt
 .text.USB_GetMode
                0x0000000008002c38        0x8 build/stm32f4xx_ll_usb.o
                0x0000000008002c38                USB_GetMode
 .text.USB_SetCurrentMode
                0x0000000008002c40       0x62 build/stm32f4xx_ll_usb.o
                0x0000000008002c40                USB_SetCurrentMode
 .text.USB_ActivateSetup
                0x0000000008002ca2       0x20 build/stm32f4xx_ll_usb.o
                0x0000000008002ca2                USB_ActivateSetup
 *fill*         0x0000000008002cc2        0x2 
 .text.USB_EP0_OutStart
                0x0000000008002cc4       0x60 build/stm32f4xx_ll_usb.o
                0x0000000008002cc4                USB_EP0_OutStart
 .text.USBD_Init
                0x0000000008002d24       0x2e build/usbd_core.o
                0x0000000008002d24                USBD_Init
 .text.USBD_RegisterClass
                0x0000000008002d52       0x2e build/usbd_core.o
                0x0000000008002d52                USBD_RegisterClass
 .text.USBD_Start
                0x0000000008002d80        0x8 build/usbd_core.o
                0x0000000008002d80                USBD_Start
 .text.USBD_SetClassConfig
                0x0000000008002d88       0x12 build/usbd_core.o
                0x0000000008002d88                USBD_SetClassConfig
 .text.USBD_ClrClassConfig
                0x0000000008002d9a       0x10 build/usbd_core.o
                0x0000000008002d9a                USBD_ClrClassConfig
 .text.USBD_LL_SetupStage
                0x0000000008002daa       0x58 build/usbd_core.o
                0x0000000008002daa                USBD_LL_SetupStage
 .text.USBD_LL_DataOutStage
                0x0000000008002e02       0x78 build/usbd_core.o
                0x0000000008002e02                USBD_LL_DataOutStage
 .text.USBD_LL_DataInStage
                0x0000000008002e7a       0xbe build/usbd_core.o
                0x0000000008002e7a                USBD_LL_DataInStage
 .text.USBD_LL_Reset
                0x0000000008002f38       0x5a build/usbd_core.o
                0x0000000008002f38                USBD_LL_Reset
 .text.USBD_LL_SetSpeed
                0x0000000008002f92        0x6 build/usbd_core.o
                0x0000000008002f92                USBD_LL_SetSpeed
 .text.USBD_LL_Suspend
                0x0000000008002f98       0x14 build/usbd_core.o
                0x0000000008002f98                USBD_LL_Suspend
 .text.USBD_LL_Resume
                0x0000000008002fac       0x1a build/usbd_core.o
                0x0000000008002fac                USBD_LL_Resume
 .text.USBD_LL_SOF
                0x0000000008002fc6       0x28 build/usbd_core.o
                0x0000000008002fc6                USBD_LL_SOF
 .text.USBD_LL_IsoINIncomplete
                0x0000000008002fee       0x28 build/usbd_core.o
                0x0000000008002fee                USBD_LL_IsoINIncomplete
 .text.USBD_LL_IsoOUTIncomplete
                0x0000000008003016       0x28 build/usbd_core.o
                0x0000000008003016                USBD_LL_IsoOUTIncomplete
 .text.USBD_LL_DevConnected
                0x000000000800303e        0x4 build/usbd_core.o
                0x000000000800303e                USBD_LL_DevConnected
 .text.USBD_LL_DevDisconnected
                0x0000000008003042       0x18 build/usbd_core.o
                0x0000000008003042                USBD_LL_DevDisconnected
 .text.USBD_GetLen
                0x000000000800305a       0x14 build/usbd_ctlreq.o
 .text.USBD_SetFeature
                0x000000000800306e       0x14 build/usbd_ctlreq.o
 .text.USBD_ParseSetupRequest
                0x0000000008003082       0x28 build/usbd_ctlreq.o
                0x0000000008003082                USBD_ParseSetupRequest
 .text.USBD_CtlError
                0x00000000080030aa       0x14 build/usbd_ctlreq.o
                0x00000000080030aa                USBD_CtlError
 .text.USBD_GetDescriptor
                0x00000000080030be      0x18a build/usbd_ctlreq.o
 .text.USBD_SetAddress
                0x0000000008003248       0x50 build/usbd_ctlreq.o
 .text.USBD_SetConfig
                0x0000000008003298       0xc8 build/usbd_ctlreq.o
 .text.USBD_GetConfig
                0x0000000008003360       0x40 build/usbd_ctlreq.o
 .text.USBD_GetStatus
                0x00000000080033a0       0x38 build/usbd_ctlreq.o
 .text.USBD_ClrFeature
                0x00000000080033d8       0x26 build/usbd_ctlreq.o
 .text.USBD_StdDevReq
                0x00000000080033fe       0x70 build/usbd_ctlreq.o
                0x00000000080033fe                USBD_StdDevReq
 .text.USBD_StdItfReq
                0x000000000800346e       0x68 build/usbd_ctlreq.o
                0x000000000800346e                USBD_StdItfReq
 .text.USBD_StdEPReq
                0x00000000080034d6      0x1ec build/usbd_ctlreq.o
                0x00000000080034d6                USBD_StdEPReq
 .text.USBD_GetString
                0x00000000080036c2       0x3a build/usbd_ctlreq.o
                0x00000000080036c2                USBD_GetString
 .text.USBD_CtlSendData
                0x00000000080036fc       0x1a build/usbd_ioreq.o
                0x00000000080036fc                USBD_CtlSendData
 .text.USBD_CtlContinueSendData
                0x0000000008003716       0x10 build/usbd_ioreq.o
                0x0000000008003716                USBD_CtlContinueSendData
 .text.USBD_CtlPrepareRx
                0x0000000008003726       0x1e build/usbd_ioreq.o
                0x0000000008003726                USBD_CtlPrepareRx
 .text.USBD_CtlContinueRx
                0x0000000008003744       0x10 build/usbd_ioreq.o
                0x0000000008003744                USBD_CtlContinueRx
 .text.USBD_CtlSendStatus
                0x0000000008003754       0x16 build/usbd_ioreq.o
                0x0000000008003754                USBD_CtlSendStatus
 .text.USBD_CtlReceiveStatus
                0x000000000800376a       0x16 build/usbd_ioreq.o
                0x000000000800376a                USBD_CtlReceiveStatus
 .text.USBD_CDC_EP0_RxReady
                0x0000000008003780       0x36 build/usbd_cdc.o
 *fill*         0x00000000080037b6        0x2 
 .text.USBD_CDC_GetFSCfgDesc
                0x00000000080037b8        0xc build/usbd_cdc.o
 .text.USBD_CDC_GetHSCfgDesc
                0x00000000080037c4        0xc build/usbd_cdc.o
 .text.USBD_CDC_GetOtherSpeedCfgDesc
                0x00000000080037d0        0xc build/usbd_cdc.o
 .text.USBD_CDC_GetDeviceQualifierDescriptor
                0x00000000080037dc        0xc build/usbd_cdc.o
                0x00000000080037dc                USBD_CDC_GetDeviceQualifierDescriptor
 .text.USBD_CDC_DataOut
                0x00000000080037e8       0x2a build/usbd_cdc.o
 .text.USBD_CDC_DataIn
                0x0000000008003812       0x6a build/usbd_cdc.o
 .text.USBD_CDC_Setup
                0x000000000800387c       0xf4 build/usbd_cdc.o
 .text.USBD_CDC_DeInit
                0x0000000008003970       0x48 build/usbd_cdc.o
 .text.USBD_CDC_Init
                0x00000000080039b8       0xc2 build/usbd_cdc.o
 .text.USBD_CDC_RegisterInterface
                0x0000000008003a7a        0xe build/usbd_cdc.o
                0x0000000008003a7a                USBD_CDC_RegisterInterface
 .text.USBD_CDC_SetTxBuffer
                0x0000000008003a88       0x16 build/usbd_cdc.o
                0x0000000008003a88                USBD_CDC_SetTxBuffer
 .text.USBD_CDC_SetRxBuffer
                0x0000000008003a9e       0x12 build/usbd_cdc.o
                0x0000000008003a9e                USBD_CDC_SetRxBuffer
 .text.USBD_CDC_TransmitPacket
                0x0000000008003ab0       0x34 build/usbd_cdc.o
                0x0000000008003ab0                USBD_CDC_TransmitPacket
 .text.USBD_CDC_ReceivePacket
                0x0000000008003ae4       0x32 build/usbd_cdc.o
                0x0000000008003ae4                USBD_CDC_ReceivePacket
 *fill*         0x0000000008003b16        0x2 
 .text.Reset_Handler
                0x0000000008003b18       0x50 build/startup_stm32f401xc.o
                0x0000000008003b18                Reset_Handler
 .text.Default_Handler
                0x0000000008003b68        0x2 build/startup_stm32f401xc.o
                0x0000000008003b68                DMA1_Stream3_IRQHandler
                0x0000000008003b68                EXTI2_IRQHandler
                0x0000000008003b68                SPI4_IRQHandler
                0x0000000008003b68                TIM1_CC_IRQHandler
                0x0000000008003b68                DMA2_Stream5_IRQHandler
                0x0000000008003b68                DMA1_Stream5_IRQHandler
                0x0000000008003b68                PVD_IRQHandler
                0x0000000008003b68                SDIO_IRQHandler
                0x0000000008003b68                TAMP_STAMP_IRQHandler
                0x0000000008003b68                EXTI3_IRQHandler
                0x0000000008003b68                TIM1_UP_TIM10_IRQHandler
                0x0000000008003b68                I2C3_ER_IRQHandler
                0x0000000008003b68                EXTI0_IRQHandler
                0x0000000008003b68                I2C2_EV_IRQHandler
                0x0000000008003b68                DMA1_Stream2_IRQHandler
                0x0000000008003b68                FPU_IRQHandler
                0x0000000008003b68                DMA2_Stream2_IRQHandler
                0x0000000008003b68                SPI1_IRQHandler
                0x0000000008003b68                TIM1_BRK_TIM9_IRQHandler
                0x0000000008003b68                DMA2_Stream3_IRQHandler
                0x0000000008003b68                USART6_IRQHandler
                0x0000000008003b68                DMA2_Stream0_IRQHandler
                0x0000000008003b68                TIM4_IRQHandler
                0x0000000008003b68                I2C1_EV_IRQHandler
                0x0000000008003b68                DMA1_Stream6_IRQHandler
                0x0000000008003b68                DMA1_Stream1_IRQHandler
                0x0000000008003b68                TIM3_IRQHandler
                0x0000000008003b68                RCC_IRQHandler
                0x0000000008003b68                Default_Handler
                0x0000000008003b68                EXTI15_10_IRQHandler
                0x0000000008003b68                ADC_IRQHandler
                0x0000000008003b68                DMA1_Stream7_IRQHandler
                0x0000000008003b68                TIM5_IRQHandler
                0x0000000008003b68                DMA2_Stream7_IRQHandler
                0x0000000008003b68                I2C3_EV_IRQHandler
                0x0000000008003b68                EXTI9_5_IRQHandler
                0x0000000008003b68                RTC_WKUP_IRQHandler
                0x0000000008003b68                SPI2_IRQHandler
                0x0000000008003b68                DMA1_Stream0_IRQHandler
                0x0000000008003b68                EXTI4_IRQHandler
                0x0000000008003b68                WWDG_IRQHandler
                0x0000000008003b68                TIM2_IRQHandler
                0x0000000008003b68                OTG_FS_WKUP_IRQHandler
                0x0000000008003b68                TIM1_TRG_COM_TIM11_IRQHandler
                0x0000000008003b68                EXTI1_IRQHandler
                0x0000000008003b68                USART2_IRQHandler
                0x0000000008003b68                I2C2_ER_IRQHandler
                0x0000000008003b68                DMA2_Stream1_IRQHandler
                0x0000000008003b68                FLASH_IRQHandler
                0x0000000008003b68                DMA2_Stream4_IRQHandler
                0x0000000008003b68                USART1_IRQHandler
                0x0000000008003b68                SPI3_IRQHandler
                0x0000000008003b68                DMA1_Stream4_IRQHandler
                0x0000000008003b68                I2C1_ER_IRQHandler
                0x0000000008003b68                DMA2_Stream6_IRQHandler
                0x0000000008003b68                RTC_Alarm_IRQHandler
 *fill*         0x0000000008003b6a        0x2 
 .text.__libc_init_array
                0x0000000008003b6c       0x48 /opt/homebrew/Cellar/arm-none-eabi-gcc/10.3-2021.07/gcc/bin/../lib/gcc/arm-none-eabi/10.3.1/../../../../arm-none-eabi/lib/thumb/v7e-m+fp/hard/libc_nano.a(lib_a-init.o)
                0x0000000008003b6c                __libc_init_array
 .text.memset   0x0000000008003bb4       0x10 /opt/homebrew/Cellar/arm-none-eabi-gcc/10.3-2021.07/gcc/bin/../lib/gcc/arm-none-eabi/10.3.1/../../../../arm-none-eabi/lib/thumb/v7e-m+fp/hard/libc_nano.a(lib_a-memset.o)
                0x0000000008003bb4                memset
 .text.sprintf  0x0000000008003bc4       0x40 /opt/homebrew/Cellar/arm-none-eabi-gcc/10.3-2021.07/gcc/bin/../lib/gcc/arm-none-eabi/10.3.1/../../../../arm-none-eabi/lib/thumb/v7e-m+fp/hard/libc_nano.a(lib_a-sprintf.o)
                0x0000000008003bc4                sprintf
                0x0000000008003bc4                siprintf
 .text.__ssputs_r
                0x0000000008003c04       0xb6 /opt/homebrew/Cellar/arm-none-eabi-gcc/10.3-2021.07/gcc/bin/../lib/gcc/arm-none-eabi/10.3.1/../../../../arm-none-eabi/lib/thumb/v7e-m+fp/hard/libc_nano.a(lib_a-nano-svfprintf.o)
                0x0000000008003c04                __ssputs_r
 *fill*         0x0000000008003cba        0x2 
 .text._svfprintf_r
                0x0000000008003cbc      0x200 /opt/homebrew/Cellar/arm-none-eabi-gcc/10.3-2021.07/gcc/bin/../lib/gcc/arm-none-eabi/10.3.1/../../../../arm-none-eabi/lib/thumb/v7e-m+fp/hard/libc_nano.a(lib_a-nano-svfprintf.o)
                0x0000000008003cbc                _svfprintf_r
                0x0000000008003cbc                _svfiprintf_r
 .text._printf_common
                0x0000000008003ebc       0xda /opt/homebrew/Cellar/arm-none-eabi-gcc/10.3-2021.07/gcc/bin/../lib/gcc/arm-none-eabi/10.3.1/../../../../arm-none-eabi/lib/thumb/v7e-m+fp/hard/libc_nano.a(lib_a-nano-vfprintf_i.o)
                0x0000000008003ebc                _printf_common
 *fill*         0x0000000008003f96        0x2 
 .text._printf_i
                0x0000000008003f98      0x24c /opt/homebrew/Cellar/arm-none-eabi-gcc/10.3-2021.07/gcc/bin/../lib/gcc/arm-none-eabi/10.3.1/../../../../arm-none-eabi/lib/thumb/v7e-m+fp/hard/libc_nano.a(lib_a-nano-vfprintf_i.o)
                0x0000000008003f98                _printf_i
 .text.memcpy   0x00000000080041e4       0x1c /opt/homebrew/Cellar/arm-none-eabi-gcc/10.3-2021.07/gcc/bin/../lib/gcc/arm-none-eabi/10.3.1/../../../../arm-none-eabi/lib/thumb/v7e-m+fp/hard/libc_nano.a(lib_a-memcpy-stub.o)
                0x00000000080041e4                memcpy
 .text.memmove  0x0000000008004200       0x34 /opt/homebrew/Cellar/arm-none-eabi-gcc/10.3-2021.07/gcc/bin/../lib/gcc/arm-none-eabi/10.3.1/../../../../arm-none-eabi/lib/thumb/v7e-m+fp/hard/libc_nano.a(lib_a-memmove.o)
                0x0000000008004200                memmove
 .text._free_r  0x0000000008004234       0x98 /opt/homebrew/Cellar/arm-none-eabi-gcc/10.3-2021.07/gcc/bin/../lib/gcc/arm-none-eabi/10.3.1/../../../../arm-none-eabi/lib/thumb/v7e-m+fp/hard/libc_nano.a(lib_a-nano-freer.o)
                0x0000000008004234                _free_r
 .text.sbrk_aligned
                0x00000000080042cc       0x40 /opt/homebrew/Cellar/arm-none-eabi-gcc/10.3-2021.07/gcc/bin/../lib/gcc/arm-none-eabi/10.3.1/../../../../arm-none-eabi/lib/thumb/v7e-m+fp/hard/libc_nano.a(lib_a-nano-mallocr.o)
 .text._malloc_r
                0x000000000800430c       0xe8 /opt/homebrew/Cellar/arm-none-eabi-gcc/10.3-2021.07/gcc/bin/../lib/gcc/arm-none-eabi/10.3.1/../../../../arm-none-eabi/lib/thumb/v7e-m+fp/hard/libc_nano.a(lib_a-nano-mallocr.o)
                0x000000000800430c                _malloc_r
 .text._realloc_r
                0x00000000080043f4       0x5e /opt/homebrew/Cellar/arm-none-eabi-gcc/10.3-2021.07/gcc/bin/../lib/gcc/arm-none-eabi/10.3.1/../../../../arm-none-eabi/lib/thumb/v7e-m+fp/hard/libc_nano.a(lib_a-nano-reallocr.o)
                0x00000000080043f4                _realloc_r
 *fill*         0x0000000008004452        0x2 
 .text._sbrk_r  0x0000000008004454       0x20 /opt/homebrew/Cellar/arm-none-eabi-gcc/10.3-2021.07/gcc/bin/../lib/gcc/arm-none-eabi/10.3.1/../../../../arm-none-eabi/lib/thumb/v7e-m+fp/hard/libc_nano.a(lib_a-sbrkr.o)
                0x0000000008004454                _sbrk_r
 .text.__malloc_lock
                0x0000000008004474        0xc /opt/homebrew/Cellar/arm-none-eabi-gcc/10.3-2021.07/gcc/bin/../lib/gcc/arm-none-eabi/10.3.1/../../../../arm-none-eabi/lib/thumb/v7e-m+fp/hard/libc_nano.a(lib_a-mlock.o)
                0x0000000008004474                __malloc_lock
 .text.__malloc_unlock
                0x0000000008004480        0xc /opt/homebrew/Cellar/arm-none-eabi-gcc/10.3-2021.07/gcc/bin/../lib/gcc/arm-none-eabi/10.3.1/../../../../arm-none-eabi/lib/thumb/v7e-m+fp/hard/libc_nano.a(lib_a-mlock.o)
                0x0000000008004480                __malloc_unlock
 .text._malloc_usable_size_r
                0x000000000800448c       0x10 /opt/homebrew/Cellar/arm-none-eabi-gcc/10.3-2021.07/gcc/bin/../lib/gcc/arm-none-eabi/10.3.1/../../../../arm-none-eabi/lib/thumb/v7e-m+fp/hard/libc_nano.a(lib_a-nano-msizer.o)
                0x000000000800448c                _malloc_usable_size_r
 .text.__retarget_lock_acquire_recursive
                0x000000000800449c        0x2 /opt/homebrew/Cellar/arm-none-eabi-gcc/10.3-2021.07/gcc/bin/../lib/gcc/arm-none-eabi/10.3.1/../../../../arm-none-eabi/lib/thumb/v7e-m+fp/hard/libc_nano.a(lib_a-lock.o)
                0x000000000800449c                __retarget_lock_acquire_recursive
 .text.__retarget_lock_release_recursive
                0x000000000800449e        0x2 /opt/homebrew/Cellar/arm-none-eabi-gcc/10.3-2021.07/gcc/bin/../lib/gcc/arm-none-eabi/10.3.1/../../../../arm-none-eabi/lib/thumb/v7e-m+fp/hard/libc_nano.a(lib_a-lock.o)
                0x000000000800449e                __retarget_lock_release_recursive
 .text._sbrk    0x00000000080044a0       0x1c /opt/homebrew/Cellar/arm-none-eabi-gcc/10.3-2021.07/gcc/bin/../lib/gcc/arm-none-eabi/10.3.1/../../../../arm-none-eabi/lib/thumb/v7e-m+fp/hard/libnosys.a(sbrk.o)
                0x00000000080044a0                _sbrk
 *(.glue_7)
 .glue_7        0x00000000080044bc        0x0 linker stubs
 *(.glue_7t)
 .glue_7t       0x00000000080044bc        0x0 linker stubs
 *(.eh_frame)
 .eh_frame      0x00000000080044bc        0x0 /opt/homebrew/Cellar/arm-none-eabi-gcc/10.3-2021.07/gcc/bin/../lib/gcc/arm-none-eabi/10.3.1/thumb/v7e-m+fp/hard/crtbegin.o
 *(.init)
 .init          0x00000000080044bc        0x4 /opt/homebrew/Cellar/arm-none-eabi-gcc/10.3-2021.07/gcc/bin/../lib/gcc/arm-none-eabi/10.3.1/thumb/v7e-m+fp/hard/crti.o
                0x00000000080044bc                _init
 .init          0x00000000080044c0        0x8 /opt/homebrew/Cellar/arm-none-eabi-gcc/10.3-2021.07/gcc/bin/../lib/gcc/arm-none-eabi/10.3.1/thumb/v7e-m+fp/hard/crtn.o
 *(.fini)
 .fini          0x00000000080044c8        0x4 /opt/homebrew/Cellar/arm-none-eabi-gcc/10.3-2021.07/gcc/bin/../lib/gcc/arm-none-eabi/10.3.1/thumb/v7e-m+fp/hard/crti.o
                0x00000000080044c8                _fini
 .fini          0x00000000080044cc        0x8 /opt/homebrew/Cellar/arm-none-eabi-gcc/10.3-2021.07/gcc/bin/../lib/gcc/arm-none-eabi/10.3.1/thumb/v7e-m+fp/hard/crtn.o
                0x00000000080044d4                . = ALIGN (0x4)
                0x00000000080044d4                _etext = .

.vfp11_veneer   0x00000000080044d4        0x0
 .vfp11_veneer  0x00000000080044d4        0x0 linker stubs

.v4_bx          0x00000000080044d4        0x0
 .v4_bx         0x00000000080044d4        0x0 linker stubs

.iplt           0x00000000080044d4        0x0
 .iplt          0x00000000080044d4        0x0 /opt/homebrew/Cellar/arm-none-eabi-gcc/10.3-2021.07/gcc/bin/../lib/gcc/arm-none-eabi/10.3.1/thumb/v7e-m+fp/hard/crtbegin.o

.rodata         0x00000000080044d4       0x98
                0x00000000080044d4                . = ALIGN (0x4)
 *(.rodata)
 *(.rodata*)
 .rodata.main.str1.4
                0x00000000080044d4       0x15 build/main.o
 *fill*         0x00000000080044e9        0x3 
 .rodata.AHBPrescTable
                0x00000000080044ec       0x10 build/system_stm32f4xx.o
                0x00000000080044ec                AHBPrescTable
 .rodata.USBD_FS_ProductStrDescriptor.str1.4
                0x00000000080044fc        0x6 build/usbd_desc.o
 *fill*         0x0000000008004502        0x2 
 .rodata.USBD_FS_ManufacturerStrDescriptor.str1.4
                0x0000000008004504       0x16 build/usbd_desc.o
 *fill*         0x000000000800451a        0x2 
 .rodata.USBD_FS_ConfigStrDescriptor.str1.4
                0x000000000800451c        0xb build/usbd_desc.o
 *fill*         0x0000000008004527        0x1 
 .rodata.USBD_FS_InterfaceStrDescriptor.str1.4
                0x0000000008004528        0xe build/usbd_desc.o
 .rodata._svfprintf_r.str1.1
                0x0000000008004536       0x11 /opt/homebrew/Cellar/arm-none-eabi-gcc/10.3-2021.07/gcc/bin/../lib/gcc/arm-none-eabi/10.3.1/../../../../arm-none-eabi/lib/thumb/v7e-m+fp/hard/libc_nano.a(lib_a-nano-svfprintf.o)
 .rodata._printf_i.str1.1
                0x0000000008004547       0x22 /opt/homebrew/Cellar/arm-none-eabi-gcc/10.3-2021.07/gcc/bin/../lib/gcc/arm-none-eabi/10.3.1/../../../../arm-none-eabi/lib/thumb/v7e-m+fp/hard/libc_nano.a(lib_a-nano-vfprintf_i.o)
                0x000000000800456c                . = ALIGN (0x4)
 *fill*         0x0000000008004569        0x3 

.ARM.extab
 *(.ARM.extab* .gnu.linkonce.armextab.*)

.ARM            0x000000000800456c        0x8
                0x000000000800456c                __exidx_start = .
 *(.ARM.exidx*)
 .ARM.exidx     0x000000000800456c        0x8 /opt/homebrew/Cellar/arm-none-eabi-gcc/10.3-2021.07/gcc/bin/../lib/gcc/arm-none-eabi/10.3.1/thumb/v7e-m+fp/hard/libgcc.a(_udivmoddi4.o)
                0x0000000008004574                __exidx_end = .

.rel.dyn        0x0000000008004574        0x0
 .rel.iplt      0x0000000008004574        0x0 /opt/homebrew/Cellar/arm-none-eabi-gcc/10.3-2021.07/gcc/bin/../lib/gcc/arm-none-eabi/10.3.1/thumb/v7e-m+fp/hard/crtbegin.o

.preinit_array  0x0000000008004574        0x0
                0x0000000008004574                PROVIDE (__preinit_array_start = .)
 *(.preinit_array*)
                0x0000000008004574                PROVIDE (__preinit_array_end = .)

.init_array     0x0000000008004574        0x4
                0x0000000008004574                PROVIDE (__init_array_start = .)
 *(SORT_BY_NAME(.init_array.*))
 *(.init_array*)
 .init_array    0x0000000008004574        0x4 /opt/homebrew/Cellar/arm-none-eabi-gcc/10.3-2021.07/gcc/bin/../lib/gcc/arm-none-eabi/10.3.1/thumb/v7e-m+fp/hard/crtbegin.o
                0x0000000008004578                PROVIDE (__init_array_end = .)

.fini_array     0x0000000008004578        0x4
                [!provide]                        PROVIDE (__fini_array_start = .)
 *(SORT_BY_NAME(.fini_array.*))
 *(.fini_array*)
 .fini_array    0x0000000008004578        0x4 /opt/homebrew/Cellar/arm-none-eabi-gcc/10.3-2021.07/gcc/bin/../lib/gcc/arm-none-eabi/10.3.1/thumb/v7e-m+fp/hard/crtbegin.o
                [!provide]                        PROVIDE (__fini_array_end = .)
                0x000000000800457c                _sidata = LOADADDR (.data)

.data           0x0000000020000000      0x1f8 load address 0x000000000800457c
                0x0000000020000000                . = ALIGN (0x4)
                0x0000000020000000                _sdata = .
 *(.data)
 *(.data*)
 .data.msg.0    0x0000000020000000       0x16 build/main.o
 .data.uwTickFreq
                0x0000000020000016        0x1 build/stm32f4xx_hal.o
                0x0000000020000016                uwTickFreq
 *fill*         0x0000000020000017        0x1 
 .data.uwTickPrio
                0x0000000020000018        0x4 build/stm32f4xx_hal.o
                0x0000000020000018                uwTickPrio
 .data.SystemCoreClock
                0x000000002000001c        0x4 build/system_stm32f4xx.o
                0x000000002000001c                SystemCoreClock
 .data.FS_Desc  0x0000000020000020       0x1c build/usbd_desc.o
                0x0000000020000020                FS_Desc
 .data.USBD_FS_DeviceDesc
                0x000000002000003c       0x12 build/usbd_desc.o
                0x000000002000003c                USBD_FS_DeviceDesc
 *fill*         0x000000002000004e        0x2 
 .data.USBD_LangIDDesc
                0x0000000020000050        0x4 build/usbd_desc.o
                0x0000000020000050                USBD_LangIDDesc
 .data.USBD_StringSerial
                0x0000000020000054       0x1a build/usbd_desc.o
                0x0000000020000054                USBD_StringSerial
 *fill*         0x000000002000006e        0x2 
 .data.USBD_Interface_fops_FS
                0x0000000020000070       0x14 build/usbd_cdc_if.o
                0x0000000020000070                USBD_Interface_fops_FS
 .data.USBD_CDC
                0x0000000020000084       0x38 build/usbd_cdc.o
                0x0000000020000084                USBD_CDC
 .data.USBD_CDC_CfgFSDesc
                0x00000000200000bc       0x43 build/usbd_cdc.o
 *fill*         0x00000000200000ff        0x1 
 .data.USBD_CDC_CfgHSDesc
                0x0000000020000100       0x43 build/usbd_cdc.o
 *fill*         0x0000000020000143        0x1 
 .data.USBD_CDC_DeviceQualifierDesc
                0x0000000020000144        0xa build/usbd_cdc.o
 *fill*         0x000000002000014e        0x2 
 .data.USBD_CDC_OtherSpeedCfgDesc
                0x0000000020000150       0x43 build/usbd_cdc.o
 *fill*         0x0000000020000193        0x1 
 .data._impure_ptr
                0x0000000020000194        0x4 /opt/homebrew/Cellar/arm-none-eabi-gcc/10.3-2021.07/gcc/bin/../lib/gcc/arm-none-eabi/10.3.1/../../../../arm-none-eabi/lib/thumb/v7e-m+fp/hard/libc_nano.a(lib_a-impure.o)
                0x0000000020000194                _impure_ptr
 .data.impure_data
                0x0000000020000198       0x60 /opt/homebrew/Cellar/arm-none-eabi-gcc/10.3-2021.07/gcc/bin/../lib/gcc/arm-none-eabi/10.3.1/../../../../arm-none-eabi/lib/thumb/v7e-m+fp/hard/libc_nano.a(lib_a-impure.o)
                0x00000000200001f8                . = ALIGN (0x4)
                0x00000000200001f8                _edata = .

.igot.plt       0x00000000200001f8        0x0 load address 0x0000000008004774
 .igot.plt      0x00000000200001f8        0x0 /opt/homebrew/Cellar/arm-none-eabi-gcc/10.3-2021.07/gcc/bin/../lib/gcc/arm-none-eabi/10.3.1/thumb/v7e-m+fp/hard/crtbegin.o
                0x00000000200001f8                . = ALIGN (0x4)

.bss            0x00000000200001f8     0x1344 load address 0x0000000008004774
                0x00000000200001f8                _sbss = .
                0x00000000200001f8                __bss_start__ = _sbss
 *(.bss)
 .bss           0x00000000200001f8       0x1c /opt/homebrew/Cellar/arm-none-eabi-gcc/10.3-2021.07/gcc/bin/../lib/gcc/arm-none-eabi/10.3.1/thumb/v7e-m+fp/hard/crtbegin.o
 *(.bss*)
 .bss.buffer.1  0x0000000020000214       0x40 build/main.o
 .bss.should_reset
                0x0000000020000254        0x1 build/main.o
                0x0000000020000254                should_reset
 *fill*         0x0000000020000255        0x3 
 .bss.uwTick    0x0000000020000258        0x4 build/stm32f4xx_hal.o
                0x0000000020000258                uwTick
 .bss.hUsbDeviceFS
                0x000000002000025c      0x2d0 build/usb_device.o
                0x000000002000025c                hUsbDeviceFS
 .bss.USBD_StrDesc
                0x000000002000052c      0x200 build/usbd_desc.o
                0x000000002000052c                USBD_StrDesc
 .bss.UserRxBufferFS
                0x000000002000072c      0x3e8 build/usbd_cdc_if.o
                0x000000002000072c                UserRxBufferFS
 .bss.UserTxBufferFS
                0x0000000020000b14      0x3e8 build/usbd_cdc_if.o
                0x0000000020000b14                UserTxBufferFS
 .bss.hpcd_USB_OTG_FS
                0x0000000020000efc      0x408 build/usbd_conf.o
                0x0000000020000efc                hpcd_USB_OTG_FS
 .bss.mem.0     0x0000000020001304      0x220 build/usbd_conf.o
 .bss.cfgidx.0  0x0000000020001524        0x1 build/usbd_ctlreq.o
 *fill*         0x0000000020001525        0x3 
 .bss.__malloc_free_list
                0x0000000020001528        0x4 /opt/homebrew/Cellar/arm-none-eabi-gcc/10.3-2021.07/gcc/bin/../lib/gcc/arm-none-eabi/10.3.1/../../../../arm-none-eabi/lib/thumb/v7e-m+fp/hard/libc_nano.a(lib_a-nano-mallocr.o)
                0x0000000020001528                __malloc_free_list
 .bss.__malloc_sbrk_start
                0x000000002000152c        0x4 /opt/homebrew/Cellar/arm-none-eabi-gcc/10.3-2021.07/gcc/bin/../lib/gcc/arm-none-eabi/10.3.1/../../../../arm-none-eabi/lib/thumb/v7e-m+fp/hard/libc_nano.a(lib_a-nano-mallocr.o)
                0x000000002000152c                __malloc_sbrk_start
 .bss.errno     0x0000000020001530        0x4 /opt/homebrew/Cellar/arm-none-eabi-gcc/10.3-2021.07/gcc/bin/../lib/gcc/arm-none-eabi/10.3.1/../../../../arm-none-eabi/lib/thumb/v7e-m+fp/hard/libc_nano.a(lib_a-reent.o)
                0x0000000020001530                errno
 .bss.__lock___malloc_recursive_mutex
                0x0000000020001534        0x1 /opt/homebrew/Cellar/arm-none-eabi-gcc/10.3-2021.07/gcc/bin/../lib/gcc/arm-none-eabi/10.3.1/../../../../arm-none-eabi/lib/thumb/v7e-m+fp/hard/libc_nano.a(lib_a-lock.o)
                0x0000000020001534                __lock___malloc_recursive_mutex
 *fill*         0x0000000020001535        0x3 
 .bss.heap_end.0
                0x0000000020001538        0x4 /opt/homebrew/Cellar/arm-none-eabi-gcc/10.3-2021.07/gcc/bin/../lib/gcc/arm-none-eabi/10.3.1/../../../../arm-none-eabi/lib/thumb/v7e-m+fp/hard/libnosys.a(sbrk.o)
 *(COMMON)
                0x000000002000153c                . = ALIGN (0x4)
                0x000000002000153c                _ebss = .
                0x000000002000153c                __bss_end__ = _ebss

._user_heap_stack
                0x000000002000153c      0x604 load address 0x0000000008004774
                0x0000000020001540                . = ALIGN (0x8)
 *fill*         0x000000002000153c        0x4 
                0x0000000020001540                PROVIDE (end = .)
                [!provide]                        PROVIDE (_end = .)
                0x0000000020001740                . = (. + _Min_Heap_Size)
 *fill*         0x0000000020001540      0x200 
                0x0000000020001b40                . = (. + _Min_Stack_Size)
 *fill*         0x0000000020001740      0x400 
                0x0000000020001b40                . = ALIGN (0x8)

/DISCARD/
 libc.a(*)
 libm.a(*)
 libgcc.a(*)

.ARM.attributes
                0x0000000000000000       0x30
 *(.ARM.attributes)
 .ARM.attributes
                0x0000000000000000       0x1e /opt/homebrew/Cellar/arm-none-eabi-gcc/10.3-2021.07/gcc/bin/../lib/gcc/arm-none-eabi/10.3.1/thumb/v7e-m+fp/hard/crti.o
 .ARM.attributes
                0x000000000000001e       0x34 /opt/homebrew/Cellar/arm-none-eabi-gcc/10.3-2021.07/gcc/bin/../lib/gcc/arm-none-eabi/10.3.1/thumb/v7e-m+fp/hard/crtbegin.o
 .ARM.attributes
                0x0000000000000052       0x34 build/main.o
 .ARM.attributes
                0x0000000000000086       0x34 build/gpio.o
 .ARM.attributes
                0x00000000000000ba       0x34 build/stm32f4xx_it.o
 .ARM.attributes
                0x00000000000000ee       0x34 build/stm32f4xx_hal_msp.o
 .ARM.attributes
                0x0000000000000122       0x34 build/stm32f4xx_hal_rcc.o
 .ARM.attributes
                0x0000000000000156       0x34 build/stm32f4xx_hal_gpio.o
 .ARM.attributes
                0x000000000000018a       0x34 build/stm32f4xx_hal_cortex.o
 .ARM.attributes
                0x00000000000001be       0x34 build/stm32f4xx_hal.o
 .ARM.attributes
                0x00000000000001f2       0x34 build/system_stm32f4xx.o
 .ARM.attributes
                0x0000000000000226       0x34 build/usb_device.o
 .ARM.attributes
                0x000000000000025a       0x34 build/usbd_desc.o
 .ARM.attributes
                0x000000000000028e       0x34 build/usbd_cdc_if.o
 .ARM.attributes
                0x00000000000002c2       0x34 build/usbd_conf.o
 .ARM.attributes
                0x00000000000002f6       0x34 build/stm32f4xx_hal_pcd.o
 .ARM.attributes
                0x000000000000032a       0x34 build/stm32f4xx_hal_pcd_ex.o
 .ARM.attributes
                0x000000000000035e       0x34 build/stm32f4xx_ll_usb.o
 .ARM.attributes
                0x0000000000000392       0x34 build/usbd_core.o
 .ARM.attributes
                0x00000000000003c6       0x34 build/usbd_ctlreq.o
 .ARM.attributes
                0x00000000000003fa       0x34 build/usbd_ioreq.o
 .ARM.attributes
                0x000000000000042e       0x34 build/usbd_cdc.o
 .ARM.attributes
                0x0000000000000462       0x21 build/startup_stm32f401xc.o
 .ARM.attributes
                0x0000000000000483       0x32 /opt/homebrew/Cellar/arm-none-eabi-gcc/10.3-2021.07/gcc/bin/../lib/gcc/arm-none-eabi/10.3.1/../../../../arm-none-eabi/lib/thumb/v7e-m+fp/hard/libc_nano.a(lib_a-impure.o)
 .ARM.attributes
                0x00000000000004b5       0x34 /opt/homebrew/Cellar/arm-none-eabi-gcc/10.3-2021.07/gcc/bin/../lib/gcc/arm-none-eabi/10.3.1/../../../../arm-none-eabi/lib/thumb/v7e-m+fp/hard/libc_nano.a(lib_a-init.o)
 .ARM.attributes
                0x00000000000004e9       0x34 /opt/homebrew/Cellar/arm-none-eabi-gcc/10.3-2021.07/gcc/bin/../lib/gcc/arm-none-eabi/10.3.1/../../../../arm-none-eabi/lib/thumb/v7e-m+fp/hard/libc_nano.a(lib_a-memset.o)
 .ARM.attributes
                0x000000000000051d       0x34 /opt/homebrew/Cellar/arm-none-eabi-gcc/10.3-2021.07/gcc/bin/../lib/gcc/arm-none-eabi/10.3.1/../../../../arm-none-eabi/lib/thumb/v7e-m+fp/hard/libc_nano.a(lib_a-sprintf.o)
 .ARM.attributes
                0x0000000000000551       0x17 /opt/homebrew/Cellar/arm-none-eabi-gcc/10.3-2021.07/gcc/bin/../lib/gcc/arm-none-eabi/10.3.1/../../../../arm-none-eabi/lib/thumb/v7e-m+fp/hard/libc_nano.a(lib_a-strlen.o)
 .ARM.attributes
                0x0000000000000568       0x34 /opt/homebrew/Cellar/arm-none-eabi-gcc/10.3-2021.07/gcc/bin/../lib/gcc/arm-none-eabi/10.3.1/../../../../arm-none-eabi/lib/thumb/v7e-m+fp/hard/libc_nano.a(lib_a-nano-svfprintf.o)
 .ARM.attributes
                0x000000000000059c       0x34 /opt/homebrew/Cellar/arm-none-eabi-gcc/10.3-2021.07/gcc/bin/../lib/gcc/arm-none-eabi/10.3.1/../../../../arm-none-eabi/lib/thumb/v7e-m+fp/hard/libc_nano.a(lib_a-nano-vfprintf_i.o)
 .ARM.attributes
                0x00000000000005d0       0x1c /opt/homebrew/Cellar/arm-none-eabi-gcc/10.3-2021.07/gcc/bin/../lib/gcc/arm-none-eabi/10.3.1/../../../../arm-none-eabi/lib/thumb/v7e-m+fp/hard/libc_nano.a(lib_a-memchr.o)
 .ARM.attributes
                0x00000000000005ec       0x34 /opt/homebrew/Cellar/arm-none-eabi-gcc/10.3-2021.07/gcc/bin/../lib/gcc/arm-none-eabi/10.3.1/../../../../arm-none-eabi/lib/thumb/v7e-m+fp/hard/libc_nano.a(lib_a-memcpy-stub.o)
 .ARM.attributes
                0x0000000000000620       0x34 /opt/homebrew/Cellar/arm-none-eabi-gcc/10.3-2021.07/gcc/bin/../lib/gcc/arm-none-eabi/10.3.1/../../../../arm-none-eabi/lib/thumb/v7e-m+fp/hard/libc_nano.a(lib_a-memmove.o)
 .ARM.attributes
                0x0000000000000654       0x34 /opt/homebrew/Cellar/arm-none-eabi-gcc/10.3-2021.07/gcc/bin/../lib/gcc/arm-none-eabi/10.3.1/../../../../arm-none-eabi/lib/thumb/v7e-m+fp/hard/libc_nano.a(lib_a-nano-freer.o)
 .ARM.attributes
                0x0000000000000688       0x34 /opt/homebrew/Cellar/arm-none-eabi-gcc/10.3-2021.07/gcc/bin/../lib/gcc/arm-none-eabi/10.3.1/../../../../arm-none-eabi/lib/thumb/v7e-m+fp/hard/libc_nano.a(lib_a-nano-mallocr.o)
 .ARM.attributes
                0x00000000000006bc       0x34 /opt/homebrew/Cellar/arm-none-eabi-gcc/10.3-2021.07/gcc/bin/../lib/gcc/arm-none-eabi/10.3.1/../../../../arm-none-eabi/lib/thumb/v7e-m+fp/hard/libc_nano.a(lib_a-nano-reallocr.o)
 .ARM.attributes
                0x00000000000006f0       0x34 /opt/homebrew/Cellar/arm-none-eabi-gcc/10.3-2021.07/gcc/bin/../lib/gcc/arm-none-eabi/10.3.1/../../../../arm-none-eabi/lib/thumb/v7e-m+fp/hard/libc_nano.a(lib_a-sbrkr.o)
 .ARM.attributes
                0x0000000000000724       0x34 /opt/homebrew/Cellar/arm-none-eabi-gcc/10.3-2021.07/gcc/bin/../lib/gcc/arm-none-eabi/10.3.1/../../../../arm-none-eabi/lib/thumb/v7e-m+fp/hard/libc_nano.a(lib_a-mlock.o)
 .ARM.attributes
                0x0000000000000758       0x34 /opt/homebrew/Cellar/arm-none-eabi-gcc/10.3-2021.07/gcc/bin/../lib/gcc/arm-none-eabi/10.3.1/../../../../arm-none-eabi/lib/thumb/v7e-m+fp/hard/libc_nano.a(lib_a-nano-msizer.o)
 .ARM.attributes
                0x000000000000078c       0x34 /opt/homebrew/Cellar/arm-none-eabi-gcc/10.3-2021.07/gcc/bin/../lib/gcc/arm-none-eabi/10.3.1/../../../../arm-none-eabi/lib/thumb/v7e-m+fp/hard/libc_nano.a(lib_a-reent.o)
 .ARM.attributes
                0x00000000000007c0       0x34 /opt/homebrew/Cellar/arm-none-eabi-gcc/10.3-2021.07/gcc/bin/../lib/gcc/arm-none-eabi/10.3.1/../../../../arm-none-eabi/lib/thumb/v7e-m+fp/hard/libc_nano.a(lib_a-lock.o)
 .ARM.attributes
                0x00000000000007f4       0x34 /opt/homebrew/Cellar/arm-none-eabi-gcc/10.3-2021.07/gcc/bin/../lib/gcc/arm-none-eabi/10.3.1/../../../../arm-none-eabi/lib/thumb/v7e-m+fp/hard/libnosys.a(sbrk.o)
 .ARM.attributes
                0x0000000000000828       0x1e /opt/homebrew/Cellar/arm-none-eabi-gcc/10.3-2021.07/gcc/bin/../lib/gcc/arm-none-eabi/10.3.1/thumb/v7e-m+fp/hard/libgcc.a(_aeabi_uldivmod.o)
 .ARM.attributes
                0x0000000000000846       0x34 /opt/homebrew/Cellar/arm-none-eabi-gcc/10.3-2021.07/gcc/bin/../lib/gcc/arm-none-eabi/10.3.1/thumb/v7e-m+fp/hard/libgcc.a(_udivmoddi4.o)
 .ARM.attributes
                0x000000000000087a       0x1e /opt/homebrew/Cellar/arm-none-eabi-gcc/10.3-2021.07/gcc/bin/../lib/gcc/arm-none-eabi/10.3.1/thumb/v7e-m+fp/hard/libgcc.a(_dvmd_tls.o)
 .ARM.attributes
                0x0000000000000898       0x1e /opt/homebrew/Cellar/arm-none-eabi-gcc/10.3-2021.07/gcc/bin/../lib/gcc/arm-none-eabi/10.3.1/thumb/v7e-m+fp/hard/crtn.o
OUTPUT(build/dfu_blinky.elf elf32-littlearm)
LOAD linker stubs
LOAD /opt/homebrew/Cellar/arm-none-eabi-gcc/10.3-2021.07/gcc/bin/../lib/gcc/arm-none-eabi/10.3.1/../../../../arm-none-eabi/lib/thumb/v7e-m+fp/hard/libc.a
LOAD /opt/homebrew/Cellar/arm-none-eabi-gcc/10.3-2021.07/gcc/bin/../lib/gcc/arm-none-eabi/10.3.1/../../../../arm-none-eabi/lib/thumb/v7e-m+fp/hard/libm.a
LOAD /opt/homebrew/Cellar/arm-none-eabi-gcc/10.3-2021.07/gcc/bin/../lib/gcc/arm-none-eabi/10.3.1/thumb/v7e-m+fp/hard/libgcc.a

.debug_info     0x0000000000000000    0x10dff
 .debug_info    0x0000000000000000      0xb42 build/main.o
 .debug_info    0x0000000000000b42      0x4f5 build/gpio.o
 .debug_info    0x0000000000001037      0x6de build/stm32f4xx_it.o
 .debug_info    0x0000000000001715      0x31d build/stm32f4xx_hal_msp.o
 .debug_info    0x0000000000001a32      0xc13 build/stm32f4xx_hal_rcc.o
 .debug_info    0x0000000000002645      0x872 build/stm32f4xx_hal_gpio.o
 .debug_info    0x0000000000002eb7     0x10de build/stm32f4xx_hal_cortex.o
 .debug_info    0x0000000000003f95      0xa60 build/stm32f4xx_hal.o
 .debug_info    0x00000000000049f5      0x5e5 build/system_stm32f4xx.o
 .debug_info    0x0000000000004fda      0x7e4 build/usb_device.o
 .debug_info    0x00000000000057be      0x641 build/usbd_desc.o
 .debug_info    0x0000000000005dff      0xa5f build/usbd_cdc_if.o
 .debug_info    0x000000000000685e     0x20a0 build/usbd_conf.o
 .debug_info    0x00000000000088fe     0x1b80 build/stm32f4xx_hal_pcd.o
 .debug_info    0x000000000000a47e      0x785 build/stm32f4xx_hal_pcd_ex.o
 .debug_info    0x000000000000ac03     0x20a8 build/stm32f4xx_ll_usb.o
 .debug_info    0x000000000000ccab      0xf2f build/usbd_core.o
 .debug_info    0x000000000000dbda     0x13b8 build/usbd_ctlreq.o
 .debug_info    0x000000000000ef92      0x913 build/usbd_ioreq.o
 .debug_info    0x000000000000f8a5     0x1538 build/usbd_cdc.o
 .debug_info    0x0000000000010ddd       0x22 build/startup_stm32f401xc.o

.debug_abbrev   0x0000000000000000     0x2ce2
 .debug_abbrev  0x0000000000000000      0x275 build/main.o
 .debug_abbrev  0x0000000000000275      0x151 build/gpio.o
 .debug_abbrev  0x00000000000003c6      0x17c build/stm32f4xx_it.o
 .debug_abbrev  0x0000000000000542       0xd3 build/stm32f4xx_hal_msp.o
 .debug_abbrev  0x0000000000000615      0x2aa build/stm32f4xx_hal_rcc.o
 .debug_abbrev  0x00000000000008bf      0x22b build/stm32f4xx_hal_gpio.o
 .debug_abbrev  0x0000000000000aea      0x382 build/stm32f4xx_hal_cortex.o
 .debug_abbrev  0x0000000000000e6c      0x23a build/stm32f4xx_hal.o
 .debug_abbrev  0x00000000000010a6      0x11b build/system_stm32f4xx.o
 .debug_abbrev  0x00000000000011c1      0x199 build/usb_device.o
 .debug_abbrev  0x000000000000135a      0x1eb build/usbd_desc.o
 .debug_abbrev  0x0000000000001545      0x2cc build/usbd_cdc_if.o
 .debug_abbrev  0x0000000000001811      0x2d8 build/usbd_conf.o
 .debug_abbrev  0x0000000000001ae9      0x2c2 build/stm32f4xx_hal_pcd.o
 .debug_abbrev  0x0000000000001dab      0x1c5 build/stm32f4xx_hal_pcd_ex.o
 .debug_abbrev  0x0000000000001f70      0x2f9 build/stm32f4xx_ll_usb.o
 .debug_abbrev  0x0000000000002269      0x27e build/usbd_core.o
 .debug_abbrev  0x00000000000024e7      0x369 build/usbd_ctlreq.o
 .debug_abbrev  0x0000000000002850      0x187 build/usbd_ioreq.o
 .debug_abbrev  0x00000000000029d7      0x2f9 build/usbd_cdc.o
 .debug_abbrev  0x0000000000002cd0       0x12 build/startup_stm32f401xc.o

.debug_loc      0x0000000000000000     0xa3a1
 .debug_loc     0x0000000000000000       0x89 build/main.o
 .debug_loc     0x0000000000000089       0x38 build/gpio.o
 .debug_loc     0x00000000000000c1       0x40 build/stm32f4xx_it.o
 .debug_loc     0x0000000000000101       0x2c build/stm32f4xx_hal_msp.o
 .debug_loc     0x000000000000012d      0x6e4 build/stm32f4xx_hal_rcc.o
 .debug_loc     0x0000000000000811      0x5e8 build/stm32f4xx_hal_gpio.o
 .debug_loc     0x0000000000000df9      0x7a4 build/stm32f4xx_hal_cortex.o
 .debug_loc     0x000000000000159d      0x1e1 build/stm32f4xx_hal.o
 .debug_loc     0x000000000000177e      0x158 build/system_stm32f4xx.o
 .debug_loc     0x00000000000018d6       0x20 build/usb_device.o
 .debug_loc     0x00000000000018f6      0x47b build/usbd_desc.o
 .debug_loc     0x0000000000001d71      0x1b9 build/usbd_cdc_if.o
 .debug_loc     0x0000000000001f2a      0xf03 build/usbd_conf.o
 .debug_loc     0x0000000000002e2d     0x1539 build/stm32f4xx_hal_pcd.o
 .debug_loc     0x0000000000004366      0x116 build/stm32f4xx_hal_pcd_ex.o
 .debug_loc     0x000000000000447c     0x2a0e build/stm32f4xx_ll_usb.o
 .debug_loc     0x0000000000006e8a      0xdea build/usbd_core.o
 .debug_loc     0x0000000000007c74     0x188d build/usbd_ctlreq.o
 .debug_loc     0x0000000000009501      0x398 build/usbd_ioreq.o
 .debug_loc     0x0000000000009899      0xb08 build/usbd_cdc.o

.debug_aranges  0x0000000000000000      0xaa0
 .debug_aranges
                0x0000000000000000       0x30 build/main.o
 .debug_aranges
                0x0000000000000030       0x20 build/gpio.o
 .debug_aranges
                0x0000000000000050       0x68 build/stm32f4xx_it.o
 .debug_aranges
                0x00000000000000b8       0x20 build/stm32f4xx_hal_msp.o
 .debug_aranges
                0x00000000000000d8       0x88 build/stm32f4xx_hal_rcc.o
 .debug_aranges
                0x0000000000000160       0x58 build/stm32f4xx_hal_gpio.o
 .debug_aranges
                0x00000000000001b8       0xa8 build/stm32f4xx_hal_cortex.o
 .debug_aranges
                0x0000000000000260       0xf0 build/stm32f4xx_hal.o
 .debug_aranges
                0x0000000000000350       0x28 build/system_stm32f4xx.o
 .debug_aranges
                0x0000000000000378       0x20 build/usb_device.o
 .debug_aranges
                0x0000000000000398       0x60 build/usbd_desc.o
 .debug_aranges
                0x00000000000003f8       0x48 build/usbd_cdc_if.o
 .debug_aranges
                0x0000000000000440      0x110 build/usbd_conf.o
 .debug_aranges
                0x0000000000000550      0x138 build/stm32f4xx_hal_pcd.o
 .debug_aranges
                0x0000000000000688       0x38 build/stm32f4xx_hal_pcd_ex.o
 .debug_aranges
                0x00000000000006c0      0x198 build/stm32f4xx_ll_usb.o
 .debug_aranges
                0x0000000000000858       0xb8 build/usbd_core.o
 .debug_aranges
                0x0000000000000910       0x88 build/usbd_ctlreq.o
 .debug_aranges
                0x0000000000000998       0x50 build/usbd_ioreq.o
 .debug_aranges
                0x00000000000009e8       0x90 build/usbd_cdc.o
 .debug_aranges
                0x0000000000000a78       0x28 build/startup_stm32f401xc.o

.debug_ranges   0x0000000000000000      0x9d0
 .debug_ranges  0x0000000000000000       0x20 build/main.o
 .debug_ranges  0x0000000000000020       0x10 build/gpio.o
 .debug_ranges  0x0000000000000030       0x58 build/stm32f4xx_it.o
 .debug_ranges  0x0000000000000088       0x10 build/stm32f4xx_hal_msp.o
 .debug_ranges  0x0000000000000098       0x90 build/stm32f4xx_hal_rcc.o
 .debug_ranges  0x0000000000000128       0x48 build/stm32f4xx_hal_gpio.o
 .debug_ranges  0x0000000000000170       0xf8 build/stm32f4xx_hal_cortex.o
 .debug_ranges  0x0000000000000268       0xe0 build/stm32f4xx_hal.o
 .debug_ranges  0x0000000000000348       0x18 build/system_stm32f4xx.o
 .debug_ranges  0x0000000000000360       0x10 build/usb_device.o
 .debug_ranges  0x0000000000000370       0x50 build/usbd_desc.o
 .debug_ranges  0x00000000000003c0       0x38 build/usbd_cdc_if.o
 .debug_ranges  0x00000000000003f8      0x100 build/usbd_conf.o
 .debug_ranges  0x00000000000004f8      0x128 build/stm32f4xx_hal_pcd.o
 .debug_ranges  0x0000000000000620       0x28 build/stm32f4xx_hal_pcd_ex.o
 .debug_ranges  0x0000000000000648      0x188 build/stm32f4xx_ll_usb.o
 .debug_ranges  0x00000000000007d0       0xa8 build/usbd_core.o
 .debug_ranges  0x0000000000000878       0x78 build/usbd_ctlreq.o
 .debug_ranges  0x00000000000008f0       0x40 build/usbd_ioreq.o
 .debug_ranges  0x0000000000000930       0x80 build/usbd_cdc.o
 .debug_ranges  0x00000000000009b0       0x20 build/startup_stm32f401xc.o

.debug_line     0x0000000000000000     0x8f0d
 .debug_line    0x0000000000000000      0x456 build/main.o
 .debug_line    0x0000000000000456      0x1c0 build/gpio.o
 .debug_line    0x0000000000000616      0x2d8 build/stm32f4xx_it.o
 .debug_line    0x00000000000008ee      0x165 build/stm32f4xx_hal_msp.o
 .debug_line    0x0000000000000a53      0xb19 build/stm32f4xx_hal_rcc.o
 .debug_line    0x000000000000156c      0x6cd build/stm32f4xx_hal_gpio.o
 .debug_line    0x0000000000001c39      0x782 build/stm32f4xx_hal_cortex.o
 .debug_line    0x00000000000023bb      0x56f build/stm32f4xx_hal.o
 .debug_line    0x000000000000292a      0x25a build/system_stm32f4xx.o
 .debug_line    0x0000000000002b84      0x217 build/usb_device.o
 .debug_line    0x0000000000002d9b      0x367 build/usbd_desc.o
 .debug_line    0x0000000000003102      0x28a build/usbd_cdc_if.o
 .debug_line    0x000000000000338c      0x814 build/usbd_conf.o
 .debug_line    0x0000000000003ba0     0x135e build/stm32f4xx_hal_pcd.o
 .debug_line    0x0000000000004efe      0x2bf build/stm32f4xx_hal_pcd_ex.o
 .debug_line    0x00000000000051bd     0x1c97 build/stm32f4xx_ll_usb.o
 .debug_line    0x0000000000006e54      0x868 build/usbd_core.o
 .debug_line    0x00000000000076bc      0xca8 build/usbd_ctlreq.o
 .debug_line    0x0000000000008364      0x2b4 build/usbd_ioreq.o
 .debug_line    0x0000000000008618      0x87f build/usbd_cdc.o
 .debug_line    0x0000000000008e97       0x76 build/startup_stm32f401xc.o

.debug_str      0x0000000000000000     0x3370
 .debug_str     0x0000000000000000      0x56c build/main.o
                                        0x5cb (size before relaxing)
 .debug_str     0x000000000000056c       0x4e build/gpio.o
                                        0x360 (size before relaxing)
 .debug_str     0x00000000000005ba      0x446 build/stm32f4xx_it.o
                                        0x5ff (size before relaxing)
 .debug_str     0x0000000000000a00       0x29 build/stm32f4xx_hal_msp.o
                                        0x2af (size before relaxing)
 .debug_str     0x0000000000000a29      0x244 build/stm32f4xx_hal_rcc.o
                                        0x6fa (size before relaxing)
 .debug_str     0x0000000000000c6d      0x122 build/stm32f4xx_hal_gpio.o
                                        0x4d4 (size before relaxing)
 .debug_str     0x0000000000000d8f      0x83c build/stm32f4xx_hal_cortex.o
                                        0xaac (size before relaxing)
 .debug_str     0x00000000000015cb      0x295 build/stm32f4xx_hal.o
                                        0x9ec (size before relaxing)
 .debug_str     0x0000000000001860       0x47 build/system_stm32f4xx.o
                                        0x369 (size before relaxing)
 .debug_str     0x00000000000018a7      0x408 build/usb_device.o
                                        0x671 (size before relaxing)
 .debug_str     0x0000000000001caf      0x181 build/usbd_desc.o
                                        0x440 (size before relaxing)
 .debug_str     0x0000000000001e30      0x13f build/usbd_cdc_if.o
                                        0x765 (size before relaxing)
 .debug_str     0x0000000000001f6f      0x4e7 build/usbd_conf.o
                                       0x13f4 (size before relaxing)
 .debug_str     0x0000000000002456      0x558 build/stm32f4xx_hal_pcd.o
                                        0xd3d (size before relaxing)
 .debug_str     0x00000000000029ae      0x125 build/stm32f4xx_hal_pcd_ex.o
                                        0x6e0 (size before relaxing)
 .debug_str     0x0000000000002ad3      0x449 build/stm32f4xx_ll_usb.o
                                        0xc56 (size before relaxing)
 .debug_str     0x0000000000002f1c      0x13e build/usbd_core.o
                                        0x84f (size before relaxing)
 .debug_str     0x000000000000305a      0x109 build/usbd_ctlreq.o
                                        0x7a1 (size before relaxing)
 .debug_str     0x0000000000003163       0x60 build/usbd_ioreq.o
                                        0x696 (size before relaxing)
 .debug_str     0x00000000000031c3      0x189 build/usbd_cdc.o
                                        0xc78 (size before relaxing)
 .debug_str     0x000000000000334c       0x24 build/startup_stm32f401xc.o
                                         0x4c (size before relaxing)

.comment        0x0000000000000000       0x49
 .comment       0x0000000000000000       0x49 build/main.o
                                         0x4a (size before relaxing)
 .comment       0x0000000000000049       0x4a build/gpio.o
 .comment       0x0000000000000049       0x4a build/stm32f4xx_it.o
 .comment       0x0000000000000049       0x4a build/stm32f4xx_hal_msp.o
 .comment       0x0000000000000049       0x4a build/stm32f4xx_hal_rcc.o
 .comment       0x0000000000000049       0x4a build/stm32f4xx_hal_gpio.o
 .comment       0x0000000000000049       0x4a build/stm32f4xx_hal_cortex.o
 .comment       0x0000000000000049       0x4a build/stm32f4xx_hal.o
 .comment       0x0000000000000049       0x4a build/system_stm32f4xx.o
 .comment       0x0000000000000049       0x4a build/usb_device.o
 .comment       0x0000000000000049       0x4a build/usbd_desc.o
 .comment       0x0000000000000049       0x4a build/usbd_cdc_if.o
 .comment       0x0000000000000049       0x4a build/usbd_conf.o
 .comment       0x0000000000000049       0x4a build/stm32f4xx_hal_pcd.o
 .comment       0x0000000000000049       0x4a build/stm32f4xx_hal_pcd_ex.o
 .comment       0x0000000000000049       0x4a build/stm32f4xx_ll_usb.o
 .comment       0x0000000000000049       0x4a build/usbd_core.o
 .comment       0x0000000000000049       0x4a build/usbd_ctlreq.o
 .comment       0x0000000000000049       0x4a build/usbd_ioreq.o
 .comment       0x0000000000000049       0x4a build/usbd_cdc.o

.debug_frame    0x0000000000000000     0x1e1c
 .debug_frame   0x0000000000000000       0x58 build/main.o
 .debug_frame   0x0000000000000058       0x30 build/gpio.o
 .debug_frame   0x0000000000000088       0xc0 build/stm32f4xx_it.o
 .debug_frame   0x0000000000000148       0x28 build/stm32f4xx_hal_msp.o
 .debug_frame   0x0000000000000170      0x16c build/stm32f4xx_hal_rcc.o
 .debug_frame   0x00000000000002dc       0xd8 build/stm32f4xx_hal_gpio.o
 .debug_frame   0x00000000000003b4      0x148 build/stm32f4xx_hal_cortex.o
 .debug_frame   0x00000000000004fc      0x1ec build/stm32f4xx_hal.o
 .debug_frame   0x00000000000006e8       0x30 build/system_stm32f4xx.o
 .debug_frame   0x0000000000000718       0x28 build/usb_device.o
 .debug_frame   0x0000000000000740       0xe0 build/usbd_desc.o
 .debug_frame   0x0000000000000820       0x8c build/usbd_cdc_if.o
 .debug_frame   0x00000000000008ac      0x2e4 build/usbd_conf.o
 .debug_frame   0x0000000000000b90      0x358 build/stm32f4xx_hal_pcd.o
 .debug_frame   0x0000000000000ee8       0x5c build/stm32f4xx_hal_pcd_ex.o
 .debug_frame   0x0000000000000f44      0x470 build/stm32f4xx_ll_usb.o
 .debug_frame   0x00000000000013b4      0x210 build/usbd_core.o
 .debug_frame   0x00000000000015c4      0x180 build/usbd_ctlreq.o
 .debug_frame   0x0000000000001744       0xb8 build/usbd_ioreq.o
 .debug_frame   0x00000000000017fc      0x160 build/usbd_cdc.o
 .debug_frame   0x000000000000195c       0x2c /opt/homebrew/Cellar/arm-none-eabi-gcc/10.3-2021.07/gcc/bin/../lib/gcc/arm-none-eabi/10.3.1/../../../../arm-none-eabi/lib/thumb/v7e-m+fp/hard/libc_nano.a(lib_a-init.o)
 .debug_frame   0x0000000000001988       0x20 /opt/homebrew/Cellar/arm-none-eabi-gcc/10.3-2021.07/gcc/bin/../lib/gcc/arm-none-eabi/10.3.1/../../../../arm-none-eabi/lib/thumb/v7e-m+fp/hard/libc_nano.a(lib_a-memset.o)
 .debug_frame   0x00000000000019a8       0x6c /opt/homebrew/Cellar/arm-none-eabi-gcc/10.3-2021.07/gcc/bin/../lib/gcc/arm-none-eabi/10.3.1/../../../../arm-none-eabi/lib/thumb/v7e-m+fp/hard/libc_nano.a(lib_a-sprintf.o)
 .debug_frame   0x0000000000001a14       0x90 /opt/homebrew/Cellar/arm-none-eabi-gcc/10.3-2021.07/gcc/bin/../lib/gcc/arm-none-eabi/10.3.1/../../../../arm-none-eabi/lib/thumb/v7e-m+fp/hard/libc_nano.a(lib_a-nano-svfprintf.o)
 .debug_frame   0x0000000000001aa4       0x60 /opt/homebrew/Cellar/arm-none-eabi-gcc/10.3-2021.07/gcc/bin/../lib/gcc/arm-none-eabi/10.3.1/../../../../arm-none-eabi/lib/thumb/v7e-m+fp/hard/libc_nano.a(lib_a-nano-vfprintf_i.o)
 .debug_frame   0x0000000000001b04       0x28 /opt/homebrew/Cellar/arm-none-eabi-gcc/10.3-2021.07/gcc/bin/../lib/gcc/arm-none-eabi/10.3.1/../../../../arm-none-eabi/lib/thumb/v7e-m+fp/hard/libc_nano.a(lib_a-memcpy-stub.o)
 .debug_frame   0x0000000000001b2c       0x28 /opt/homebrew/Cellar/arm-none-eabi-gcc/10.3-2021.07/gcc/bin/../lib/gcc/arm-none-eabi/10.3.1/../../../../arm-none-eabi/lib/thumb/v7e-m+fp/hard/libc_nano.a(lib_a-memmove.o)
 .debug_frame   0x0000000000001b54       0x38 /opt/homebrew/Cellar/arm-none-eabi-gcc/10.3-2021.07/gcc/bin/../lib/gcc/arm-none-eabi/10.3.1/../../../../arm-none-eabi/lib/thumb/v7e-m+fp/hard/libc_nano.a(lib_a-nano-freer.o)
 .debug_frame   0x0000000000001b8c       0x4c /opt/homebrew/Cellar/arm-none-eabi-gcc/10.3-2021.07/gcc/bin/../lib/gcc/arm-none-eabi/10.3.1/../../../../arm-none-eabi/lib/thumb/v7e-m+fp/hard/libc_nano.a(lib_a-nano-mallocr.o)
 .debug_frame   0x0000000000001bd8       0x3c /opt/homebrew/Cellar/arm-none-eabi-gcc/10.3-2021.07/gcc/bin/../lib/gcc/arm-none-eabi/10.3.1/../../../../arm-none-eabi/lib/thumb/v7e-m+fp/hard/libc_nano.a(lib_a-nano-reallocr.o)
 .debug_frame   0x0000000000001c14       0x2c /opt/homebrew/Cellar/arm-none-eabi-gcc/10.3-2021.07/gcc/bin/../lib/gcc/arm-none-eabi/10.3.1/../../../../arm-none-eabi/lib/thumb/v7e-m+fp/hard/libc_nano.a(lib_a-sbrkr.o)
 .debug_frame   0x0000000000001c40       0x30 /opt/homebrew/Cellar/arm-none-eabi-gcc/10.3-2021.07/gcc/bin/../lib/gcc/arm-none-eabi/10.3.1/../../../../arm-none-eabi/lib/thumb/v7e-m+fp/hard/libc_nano.a(lib_a-mlock.o)
 .debug_frame   0x0000000000001c70       0x20 /opt/homebrew/Cellar/arm-none-eabi-gcc/10.3-2021.07/gcc/bin/../lib/gcc/arm-none-eabi/10.3.1/../../../../arm-none-eabi/lib/thumb/v7e-m+fp/hard/libc_nano.a(lib_a-nano-msizer.o)
 .debug_frame   0x0000000000001c90       0x5c /opt/homebrew/Cellar/arm-none-eabi-gcc/10.3-2021.07/gcc/bin/../lib/gcc/arm-none-eabi/10.3.1/../../../../arm-none-eabi/lib/thumb/v7e-m+fp/hard/libc_nano.a(lib_a-reent.o)
 .debug_frame   0x0000000000001cec       0xb0 /opt/homebrew/Cellar/arm-none-eabi-gcc/10.3-2021.07/gcc/bin/../lib/gcc/arm-none-eabi/10.3.1/../../../../arm-none-eabi/lib/thumb/v7e-m+fp/hard/libc_nano.a(lib_a-lock.o)
 .debug_frame   0x0000000000001d9c       0x20 /opt/homebrew/Cellar/arm-none-eabi-gcc/10.3-2021.07/gcc/bin/../lib/gcc/arm-none-eabi/10.3.1/../../../../arm-none-eabi/lib/thumb/v7e-m+fp/hard/libnosys.a(sbrk.o)
 .debug_frame   0x0000000000001dbc       0x2c /opt/homebrew/Cellar/arm-none-eabi-gcc/10.3-2021.07/gcc/bin/../lib/gcc/arm-none-eabi/10.3.1/thumb/v7e-m+fp/hard/libgcc.a(_aeabi_uldivmod.o)
 .debug_frame   0x0000000000001de8       0x34 /opt/homebrew/Cellar/arm-none-eabi-gcc/10.3-2021.07/gcc/bin/../lib/gcc/arm-none-eabi/10.3.1/thumb/v7e-m+fp/hard/libgcc.a(_udivmoddi4.o)

Cross Reference Table

Symbol                                            File
ADC_IRQHandler                                    build/startup_stm32f401xc.o
AHBPrescTable                                     build/system_stm32f4xx.o
                                                  build/stm32f4xx_hal_rcc.o
APBPrescTable                                     build/system_stm32f4xx.o
                                                  build/stm32f4xx_hal_rcc.o
BusFault_Handler                                  build/stm32f4xx_it.o
CDC_Transmit_FS                                   build/usbd_cdc_if.o
                                                  build/main.o
DMA1_Stream0_IRQHandler                           build/startup_stm32f401xc.o
DMA1_Stream1_IRQHandler                           build/startup_stm32f401xc.o
DMA1_Stream2_IRQHandler                           build/startup_stm32f401xc.o
DMA1_Stream3_IRQHandler                           build/startup_stm32f401xc.o
DMA1_Stream4_IRQHandler                           build/startup_stm32f401xc.o
DMA1_Stream5_IRQHandler                           build/startup_stm32f401xc.o
DMA1_Stream6_IRQHandler                           build/startup_stm32f401xc.o
DMA1_Stream7_IRQHandler                           build/startup_stm32f401xc.o
DMA2_Stream0_IRQHandler                           build/startup_stm32f401xc.o
DMA2_Stream1_IRQHandler                           build/startup_stm32f401xc.o
DMA2_Stream2_IRQHandler                           build/startup_stm32f401xc.o
DMA2_Stream3_IRQHandler                           build/startup_stm32f401xc.o
DMA2_Stream4_IRQHandler                           build/startup_stm32f401xc.o
DMA2_Stream5_IRQHandler                           build/startup_stm32f401xc.o
DMA2_Stream6_IRQHandler                           build/startup_stm32f401xc.o
DMA2_Stream7_IRQHandler                           build/startup_stm32f401xc.o
DebugMon_Handler                                  build/stm32f4xx_it.o
Default_Handler                                   build/startup_stm32f401xc.o
EXTI0_IRQHandler                                  build/startup_stm32f401xc.o
EXTI15_10_IRQHandler                              build/startup_stm32f401xc.o
EXTI1_IRQHandler                                  build/startup_stm32f401xc.o
EXTI2_IRQHandler                                  build/startup_stm32f401xc.o
EXTI3_IRQHandler                                  build/startup_stm32f401xc.o
EXTI4_IRQHandler                                  build/startup_stm32f401xc.o
EXTI9_5_IRQHandler                                build/startup_stm32f401xc.o
Error_Handler                                     build/main.o
                                                  build/usbd_conf.o
                                                  build/usb_device.o
FLASH_Erase_Sector                                build/stm32f4xx_hal_flash_ex.o
                                                  build/stm32f4xx_hal_flash.o
FLASH_FlushCaches                                 build/stm32f4xx_hal_flash_ex.o
                                                  build/stm32f4xx_hal_flash.o
FLASH_IRQHandler                                  build/startup_stm32f401xc.o
FLASH_WaitForLastOperation                        build/stm32f4xx_hal_flash.o
                                                  build/stm32f4xx_hal_flash_ex.o
FPU_IRQHandler                                    build/startup_stm32f401xc.o
FS_Desc                                           build/usbd_desc.o
                                                  build/usb_device.o
HAL_DBGMCU_DisableDBGSleepMode                    build/stm32f4xx_hal.o
HAL_DBGMCU_DisableDBGStandbyMode                  build/stm32f4xx_hal.o
HAL_DBGMCU_DisableDBGStopMode                     build/stm32f4xx_hal.o
HAL_DBGMCU_EnableDBGSleepMode                     build/stm32f4xx_hal.o
HAL_DBGMCU_EnableDBGStandbyMode                   build/stm32f4xx_hal.o
HAL_DBGMCU_EnableDBGStopMode                      build/stm32f4xx_hal.o
HAL_DMAEx_ChangeMemory                            build/stm32f4xx_hal_dma_ex.o
HAL_DMAEx_MultiBufferStart                        build/stm32f4xx_hal_dma_ex.o
HAL_DMAEx_MultiBufferStart_IT                     build/stm32f4xx_hal_dma_ex.o
HAL_DMA_Abort                                     build/stm32f4xx_hal_dma.o
HAL_DMA_Abort_IT                                  build/stm32f4xx_hal_dma.o
HAL_DMA_DeInit                                    build/stm32f4xx_hal_dma.o
HAL_DMA_GetError                                  build/stm32f4xx_hal_dma.o
HAL_DMA_GetState                                  build/stm32f4xx_hal_dma.o
HAL_DMA_IRQHandler                                build/stm32f4xx_hal_dma.o
HAL_DMA_Init                                      build/stm32f4xx_hal_dma.o
HAL_DMA_PollForTransfer                           build/stm32f4xx_hal_dma.o
HAL_DMA_RegisterCallback                          build/stm32f4xx_hal_dma.o
HAL_DMA_Start                                     build/stm32f4xx_hal_dma.o
HAL_DMA_Start_IT                                  build/stm32f4xx_hal_dma.o
HAL_DMA_UnRegisterCallback                        build/stm32f4xx_hal_dma.o
HAL_DeInit                                        build/stm32f4xx_hal.o
HAL_Delay                                         build/stm32f4xx_hal.o
                                                  build/stm32f4xx_ll_usb.o
                                                  build/usbd_conf.o
                                                  build/main.o
HAL_DisableCompensationCell                       build/stm32f4xx_hal.o
HAL_EXTI_ClearConfigLine                          build/stm32f4xx_hal_exti.o
HAL_EXTI_ClearPending                             build/stm32f4xx_hal_exti.o
HAL_EXTI_GenerateSWI                              build/stm32f4xx_hal_exti.o
HAL_EXTI_GetConfigLine                            build/stm32f4xx_hal_exti.o
HAL_EXTI_GetHandle                                build/stm32f4xx_hal_exti.o
HAL_EXTI_GetPending                               build/stm32f4xx_hal_exti.o
HAL_EXTI_IRQHandler                               build/stm32f4xx_hal_exti.o
HAL_EXTI_RegisterCallback                         build/stm32f4xx_hal_exti.o
HAL_EXTI_SetConfigLine                            build/stm32f4xx_hal_exti.o
HAL_EnableCompensationCell                        build/stm32f4xx_hal.o
HAL_FLASHEx_AdvOBGetConfig                        build/stm32f4xx_hal_flash_ex.o
HAL_FLASHEx_AdvOBProgram                          build/stm32f4xx_hal_flash_ex.o
HAL_FLASHEx_Erase                                 build/stm32f4xx_hal_flash_ex.o
HAL_FLASHEx_Erase_IT                              build/stm32f4xx_hal_flash_ex.o
HAL_FLASHEx_OBGetConfig                           build/stm32f4xx_hal_flash_ex.o
HAL_FLASHEx_OBProgram                             build/stm32f4xx_hal_flash_ex.o
HAL_FLASHEx_OB_DeSelectPCROP                      build/stm32f4xx_hal_flash_ex.o
HAL_FLASHEx_OB_SelectPCROP                        build/stm32f4xx_hal_flash_ex.o
HAL_FLASH_EndOfOperationCallback                  build/stm32f4xx_hal_flash.o
HAL_FLASH_GetError                                build/stm32f4xx_hal_flash.o
HAL_FLASH_IRQHandler                              build/stm32f4xx_hal_flash.o
HAL_FLASH_Lock                                    build/stm32f4xx_hal_flash.o
HAL_FLASH_OB_Launch                               build/stm32f4xx_hal_flash.o
HAL_FLASH_OB_Lock                                 build/stm32f4xx_hal_flash.o
HAL_FLASH_OB_Unlock                               build/stm32f4xx_hal_flash.o
HAL_FLASH_OperationErrorCallback                  build/stm32f4xx_hal_flash.o
HAL_FLASH_Program                                 build/stm32f4xx_hal_flash.o
HAL_FLASH_Program_IT                              build/stm32f4xx_hal_flash.o
HAL_FLASH_Unlock                                  build/stm32f4xx_hal_flash.o
HAL_GPIO_DeInit                                   build/stm32f4xx_hal_gpio.o
                                                  build/usbd_conf.o
HAL_GPIO_EXTI_Callback                            build/stm32f4xx_hal_gpio.o
HAL_GPIO_EXTI_IRQHandler                          build/stm32f4xx_hal_gpio.o
HAL_GPIO_Init                                     build/stm32f4xx_hal_gpio.o
                                                  build/usbd_conf.o
                                                  build/stm32f4xx_hal_rcc.o
                                                  build/gpio.o
HAL_GPIO_LockPin                                  build/stm32f4xx_hal_gpio.o
HAL_GPIO_ReadPin                                  build/stm32f4xx_hal_gpio.o
HAL_GPIO_TogglePin                                build/stm32f4xx_hal_gpio.o
                                                  build/main.o
HAL_GPIO_WritePin                                 build/stm32f4xx_hal_gpio.o
                                                  build/gpio.o
                                                  build/main.o
HAL_GetDEVID                                      build/stm32f4xx_hal.o
HAL_GetHalVersion                                 build/stm32f4xx_hal.o
HAL_GetREVID                                      build/stm32f4xx_hal.o
HAL_GetTick                                       build/stm32f4xx_hal.o
                                                  build/stm32f4xx_hal_pwr_ex.o
                                                  build/stm32f4xx_hal_dma.o
                                                  build/stm32f4xx_hal_flash.o
                                                  build/stm32f4xx_hal_rcc_ex.o
                                                  build/stm32f4xx_hal_rcc.o
                                                  build/main.o
HAL_GetTickFreq                                   build/stm32f4xx_hal.o
HAL_GetTickPrio                                   build/stm32f4xx_hal.o
HAL_GetUIDw0                                      build/stm32f4xx_hal.o
HAL_GetUIDw1                                      build/stm32f4xx_hal.o
HAL_GetUIDw2                                      build/stm32f4xx_hal.o
HAL_IncTick                                       build/stm32f4xx_hal.o
                                                  build/stm32f4xx_it.o
HAL_Init                                          build/stm32f4xx_hal.o
                                                  build/main.o
HAL_InitTick                                      build/stm32f4xx_hal.o
                                                  build/stm32f4xx_hal_rcc_ex.o
                                                  build/stm32f4xx_hal_rcc.o
HAL_MPU_ConfigRegion                              build/stm32f4xx_hal_cortex.o
HAL_MPU_Disable                                   build/stm32f4xx_hal_cortex.o
HAL_MPU_Enable                                    build/stm32f4xx_hal_cortex.o
HAL_MspDeInit                                     build/stm32f4xx_hal.o
HAL_MspInit                                       build/stm32f4xx_hal_msp.o
HAL_NVIC_ClearPendingIRQ                          build/stm32f4xx_hal_cortex.o
HAL_NVIC_DisableIRQ                               build/stm32f4xx_hal_cortex.o
                                                  build/usbd_conf.o
HAL_NVIC_EnableIRQ                                build/stm32f4xx_hal_cortex.o
                                                  build/usbd_conf.o
HAL_NVIC_GetActive                                build/stm32f4xx_hal_cortex.o
HAL_NVIC_GetPendingIRQ                            build/stm32f4xx_hal_cortex.o
HAL_NVIC_GetPriority                              build/stm32f4xx_hal_cortex.o
HAL_NVIC_GetPriorityGrouping                      build/stm32f4xx_hal_cortex.o
HAL_NVIC_SetPendingIRQ                            build/stm32f4xx_hal_cortex.o
HAL_NVIC_SetPriority                              build/stm32f4xx_hal_cortex.o
                                                  build/usbd_conf.o
                                                  build/stm32f4xx_hal.o
HAL_NVIC_SetPriorityGrouping                      build/stm32f4xx_hal_cortex.o
                                                  build/stm32f4xx_hal.o
HAL_NVIC_SystemReset                              build/stm32f4xx_hal_cortex.o
HAL_PCDEx_BCD_Callback                            build/stm32f4xx_hal_pcd_ex.o
HAL_PCDEx_LPM_Callback                            build/stm32f4xx_hal_pcd_ex.o
                                                  build/stm32f4xx_hal_pcd.o
HAL_PCDEx_SetRxFiFo                               build/stm32f4xx_hal_pcd_ex.o
                                                  build/usbd_conf.o
HAL_PCDEx_SetTxFiFo                               build/stm32f4xx_hal_pcd_ex.o
                                                  build/usbd_conf.o
HAL_PCD_ActivateRemoteWakeup                      build/stm32f4xx_hal_pcd.o
HAL_PCD_ConnectCallback                           build/usbd_conf.o
HAL_PCD_DataInStageCallback                       build/usbd_conf.o
HAL_PCD_DataOutStageCallback                      build/usbd_conf.o
HAL_PCD_DeActivateRemoteWakeup                    build/stm32f4xx_hal_pcd.o
HAL_PCD_DeInit                                    build/stm32f4xx_hal_pcd.o
                                                  build/usbd_conf.o
HAL_PCD_DevConnect                                build/stm32f4xx_hal_pcd.o
HAL_PCD_DevDisconnect                             build/stm32f4xx_hal_pcd.o
HAL_PCD_DisconnectCallback                        build/usbd_conf.o
HAL_PCD_EP_Close                                  build/stm32f4xx_hal_pcd.o
                                                  build/usbd_conf.o